Archive member included because of file (symbol)

e:/program files/atmel/atmel studio 6.0/extensions/atmel/avrgcc/3.4.0.65/avrtoolchain/bin/../lib/gcc/avr/4.6.2/avr4\libgcc.a(_mulsi3.o)
                              BCDdisplay.o (__mulsi3)
e:/program files/atmel/atmel studio 6.0/extensions/atmel/avrgcc/3.4.0.65/avrtoolchain/bin/../lib/gcc/avr/4.6.2/avr4\libgcc.a(_udivmodhi4.o)
                              APP.o (__udivmodhi4)
e:/program files/atmel/atmel studio 6.0/extensions/atmel/avrgcc/3.4.0.65/avrtoolchain/bin/../lib/gcc/avr/4.6.2/avr4\libgcc.a(_udivmodsi4.o)
                              BCDdisplay.o (__udivmodsi4)
e:/program files/atmel/atmel studio 6.0/extensions/atmel/avrgcc/3.4.0.65/avrtoolchain/bin/../lib/gcc/avr/4.6.2/avr4\libgcc.a(_exit.o)
                              e:/program files/atmel/atmel studio 6.0/extensions/atmel/avrgcc/3.4.0.65/avrtoolchain/bin/../lib/gcc/avr/4.6.2/../../../../avr/lib/avr4/crtm8a.o (exit)
e:/program files/atmel/atmel studio 6.0/extensions/atmel/avrgcc/3.4.0.65/avrtoolchain/bin/../lib/gcc/avr/4.6.2/avr4\libgcc.a(_copy_data.o)
                              APP.o (__do_copy_data)
e:/program files/atmel/atmel studio 6.0/extensions/atmel/avrgcc/3.4.0.65/avrtoolchain/bin/../lib/gcc/avr/4.6.2/avr4\libgcc.a(_clear_bss.o)
                              APP.o (__do_clear_bss)

Memory Configuration

Name             Origin             Length             Attributes
text             0x00000000         0x00002000         xr
data             0x00800060         0x0000ffa0         rw !x
eeprom           0x00810000         0x00010000         rw !x
fuse             0x00820000         0x00000400         rw !x
lock             0x00830000         0x00000400         rw !x
signature        0x00840000         0x00000400         rw !x
*default*        0x00000000         0xffffffff

Linker script and memory map

LOAD e:/program files/atmel/atmel studio 6.0/extensions/atmel/avrgcc/3.4.0.65/avrtoolchain/bin/../lib/gcc/avr/4.6.2/../../../../avr/lib/avr4/crtm8a.o
LOAD APP.o
LOAD APP_CalcSpeed.o
LOAD APP_CalcTime.o
LOAD APP_HMI.o
LOAD APP_SleepManage.o
LOAD BCDdisplay.o
LOAD DisplayManage.o
LOAD Eeprom.o
LOAD Key.o
LOAD Led.o
LOAD SpeedCalc.o
LOAD AppInterrupts.o
LOAD OS_manage.o
LOAD Scheduler.o
LOAD HWIeeprom.o
LOAD HWI_DIGITAL.o
LOAD HWI_Interrupts.o
LOAD HWI_Sleep.o
LOAD HWI_StartConfig.o
LOAD BicMeter.o
START GROUP
LOAD e:/program files/atmel/atmel studio 6.0/extensions/atmel/avrgcc/3.4.0.65/avrtoolchain/bin/../lib/gcc/avr/4.6.2/../../../../avr/lib/avr4\libm.a
END GROUP
LOAD e:/program files/atmel/atmel studio 6.0/extensions/atmel/avrgcc/3.4.0.65/avrtoolchain/bin/../lib/gcc/avr/4.6.2/avr4\libgcc.a
LOAD e:/program files/atmel/atmel studio 6.0/extensions/atmel/avrgcc/3.4.0.65/avrtoolchain/bin/../lib/gcc/avr/4.6.2/../../../../avr/lib/avr4\libc.a
LOAD e:/program files/atmel/atmel studio 6.0/extensions/atmel/avrgcc/3.4.0.65/avrtoolchain/bin/../lib/gcc/avr/4.6.2/avr4\libgcc.a

.hash
 *(.hash)

.dynsym
 *(.dynsym)

.dynstr
 *(.dynstr)

.gnu.version
 *(.gnu.version)

.gnu.version_d
 *(.gnu.version_d)

.gnu.version_r
 *(.gnu.version_r)

.rel.init
 *(.rel.init)

.rela.init
 *(.rela.init)

.rel.text
 *(.rel.text)
 *(.rel.text.*)
 *(.rel.gnu.linkonce.t*)

.rela.text
 *(.rela.text)
 *(.rela.text.*)
 *(.rela.gnu.linkonce.t*)

.rel.fini
 *(.rel.fini)

.rela.fini
 *(.rela.fini)

.rel.rodata
 *(.rel.rodata)
 *(.rel.rodata.*)
 *(.rel.gnu.linkonce.r*)

.rela.rodata
 *(.rela.rodata)
 *(.rela.rodata.*)
 *(.rela.gnu.linkonce.r*)

.rel.data
 *(.rel.data)
 *(.rel.data.*)
 *(.rel.gnu.linkonce.d*)

.rela.data
 *(.rela.data)
 *(.rela.data.*)
 *(.rela.gnu.linkonce.d*)

.rel.ctors
 *(.rel.ctors)

.rela.ctors
 *(.rela.ctors)

.rel.dtors
 *(.rel.dtors)

.rela.dtors
 *(.rela.dtors)

.rel.got
 *(.rel.got)

.rela.got
 *(.rela.got)

.rel.bss
 *(.rel.bss)

.rela.bss
 *(.rela.bss)

.rel.plt
 *(.rel.plt)

.rela.plt
 *(.rela.plt)

.text           0x00000000     0x128c
 *(.vectors)
 .vectors       0x00000000       0x26 e:/program files/atmel/atmel studio 6.0/extensions/atmel/avrgcc/3.4.0.65/avrtoolchain/bin/../lib/gcc/avr/4.6.2/../../../../avr/lib/avr4/crtm8a.o
                0x00000000                __vector_default
                0x00000000                __vectors
 *(.vectors)
 *(.progmem.gcc*)
 *(.progmem*)
                0x00000026                . = ALIGN (0x2)
                0x00000026                __trampolines_start = .
 *(.trampolines)
 .trampolines   0x00000026        0x0 linker stubs
 *(.trampolines*)
                0x00000026                __trampolines_end = .
 *(.jumptables)
 *(.jumptables*)
 *(.lowtext)
 *(.lowtext*)
                0x00000026                __ctors_start = .
 *(.ctors)
                0x00000026                __ctors_end = .
                0x00000026                __dtors_start = .
 *(.dtors)
                0x00000026                __dtors_end = .
 SORT(*)(.ctors)
 SORT(*)(.dtors)
 *(.init0)
 .init0         0x00000026        0x0 e:/program files/atmel/atmel studio 6.0/extensions/atmel/avrgcc/3.4.0.65/avrtoolchain/bin/../lib/gcc/avr/4.6.2/../../../../avr/lib/avr4/crtm8a.o
                0x00000026                __init
 *(.init0)
 *(.init1)
 *(.init1)
 *(.init2)
 .init2         0x00000026        0xc e:/program files/atmel/atmel studio 6.0/extensions/atmel/avrgcc/3.4.0.65/avrtoolchain/bin/../lib/gcc/avr/4.6.2/../../../../avr/lib/avr4/crtm8a.o
 *(.init2)
 *(.init3)
 *(.init3)
 *(.init4)
 .init4         0x00000032       0x16 e:/program files/atmel/atmel studio 6.0/extensions/atmel/avrgcc/3.4.0.65/avrtoolchain/bin/../lib/gcc/avr/4.6.2/avr4\libgcc.a(_copy_data.o)
                0x00000032                __do_copy_data
 .init4         0x00000048       0x10 e:/program files/atmel/atmel studio 6.0/extensions/atmel/avrgcc/3.4.0.65/avrtoolchain/bin/../lib/gcc/avr/4.6.2/avr4\libgcc.a(_clear_bss.o)
                0x00000048                __do_clear_bss
 *(.init4)
 *(.init5)
 *(.init5)
 *(.init6)
 *(.init6)
 *(.init7)
 *(.init7)
 *(.init8)
 *(.init8)
 *(.init9)
 .init9         0x00000058        0x4 e:/program files/atmel/atmel studio 6.0/extensions/atmel/avrgcc/3.4.0.65/avrtoolchain/bin/../lib/gcc/avr/4.6.2/../../../../avr/lib/avr4/crtm8a.o
 *(.init9)
 *(.text)
 .text          0x0000005c        0x2 e:/program files/atmel/atmel studio 6.0/extensions/atmel/avrgcc/3.4.0.65/avrtoolchain/bin/../lib/gcc/avr/4.6.2/../../../../avr/lib/avr4/crtm8a.o
                0x0000005c                __vector_12
                0x0000005c                __bad_interrupt
                0x0000005c                __vector_6
                0x0000005c                __vector_3
                0x0000005c                __vector_11
                0x0000005c                __vector_13
                0x0000005c                __vector_17
                0x0000005c                __vector_7
                0x0000005c                __vector_5
                0x0000005c                __vector_4
                0x0000005c                __vector_15
                0x0000005c                __vector_14
                0x0000005c                __vector_10
                0x0000005c                __vector_16
                0x0000005c                __vector_18
 .text          0x0000005e      0x498 APP.o
                0x0000015c                APP_INITIALIZE
                0x00000240                APP_MANAGE
 .text          0x000004f6       0x30 APP_CalcSpeed.o
                0x000004f6                APP_CALC_AVGSPDmanage
                0x000004fc                APP_CALC_MAXSPDmanage_Set
                0x00000506                APP_CALC_MAXSPDmanage
 .text          0x00000526       0xa8 APP_CalcTime.o
                0x00000526                APP_CALC_TIMEsetTravelTime
                0x00000544                APP_CALC_TIMEmanage
 .text          0x000005ce      0x112 APP_HMI.o
                0x000005ce                APP_HMImanage
 .text          0x000006e0        0x2 APP_SleepManage.o
                0x000006e0                APP_SLEEPmanage
 .text          0x000006e2      0x254 BCDdisplay.o
                0x000006e2                BCDInitialize
                0x000006e8                BCDsendNumber
                0x00000820                BCDManage7segment
                0x000008dc                BlinkDigit
                0x000008ea                Segment7SendString
 .text          0x00000936       0x60 DisplayManage.o
                0x00000936                DisplaySendString
 .text          0x00000996       0xe2 Eeprom.o
                0x00000996                Eeprom_Write_Block
                0x000009d8                Eeprom_Read_Block
                0x00000a2a                EepromManage
 .text          0x00000a78      0x14a Key.o
                0x00000a78                KeyInitialize
                0x00000a88                GetKeyStatus
                0x00000aa2                MangeKeys
 .text          0x00000bc2       0x58 Led.o
                0x00000bc2                SwitchLedOnOff
                0x00000bd4                ExclusiveSwitchLedOnOff
 .text          0x00000c1a      0x1c4 SpeedCalc.o
                0x00000c1a                SpeedCalcNotifyInitialize
                0x00000c1c                SensorOneNotify
                0x00000c3e                SensorTwoNotify
                0x00000c84                SpeedCalcManage
                0x00000d34                DisableDistanceCntr
                0x00000d3a                SetDistance
                0x00000d58                GetDistance
                0x00000d6a                SetCircumfirunce
                0x00000d74                GetAvgSpeed
                0x00000dca                HWtimerCallback
 .text          0x00000dde        0xc AppInterrupts.o
                0x00000dde                APP_ISR1
                0x00000de2                APP_ISR2
                0x00000de6                APP_ISR3
 .text          0x00000dea       0x52 OS_manage.o
                0x00000dea                ManageDrivers
                0x00000df6                ManageSpeedCalc
                0x00000dfa                ManageApplication
                0x00000dfe                DisplayAlphaNumeric
                0x00000e02                Start_App
 .text          0x00000e3c       0x80 Scheduler.o
                0x00000e3c                CreateTask
                0x00000e5a                SchedulerTick
                0x00000e70                RunScheduler
 .text          0x00000ebc       0x32 HWIeeprom.o
                0x00000ebc                HWIeeprom_Write
                0x00000ed4                HWIeeprom_Read
 .text          0x00000eee      0x114 HWI_DIGITAL.o
                0x00000eee                HWI_DIGITAL_INITIALIZE
                0x00000efe                HWI_DIGI_READ
                0x00000f20                HWI_DIGI_WRITE
                0x00000fb8                HWI_4Digit_WRITE
                0x00000fd0                HWI_4Digit_READ
                0x00000fea                HWI_8Digit_WRITE
                0x00000ff6                HWI8Digit_READ
 .text          0x00001002      0x190 HWI_Interrupts.o
                0x00001002                HWI_INTERRUPTS_INTITALIZE
                0x00001048                ReloadHWtimer
                0x00001068                __vector_9
                0x000010b2                __vector_8
                0x00001100                __vector_1
                0x0000114c                __vector_2
 .text          0x00001192       0x20 HWI_Sleep.o
                0x00001192                SendMCUtoSleep
 .text          0x000011b2       0x24 HWI_StartConfig.o
                0x000011b2                HWI_InitOscilatorCalib
 .text          0x000011d6        0x0 BicMeter.o
 .text          0x000011d6        0x0 e:/program files/atmel/atmel studio 6.0/extensions/atmel/avrgcc/3.4.0.65/avrtoolchain/bin/../lib/gcc/avr/4.6.2/avr4\libgcc.a(_mulsi3.o)
 .text          0x000011d6        0x0 e:/program files/atmel/atmel studio 6.0/extensions/atmel/avrgcc/3.4.0.65/avrtoolchain/bin/../lib/gcc/avr/4.6.2/avr4\libgcc.a(_udivmodhi4.o)
 .text          0x000011d6        0x0 e:/program files/atmel/atmel studio 6.0/extensions/atmel/avrgcc/3.4.0.65/avrtoolchain/bin/../lib/gcc/avr/4.6.2/avr4\libgcc.a(_udivmodsi4.o)
 .text          0x000011d6        0x0 e:/program files/atmel/atmel studio 6.0/extensions/atmel/avrgcc/3.4.0.65/avrtoolchain/bin/../lib/gcc/avr/4.6.2/avr4\libgcc.a(_exit.o)
 .text          0x000011d6        0x0 e:/program files/atmel/atmel studio 6.0/extensions/atmel/avrgcc/3.4.0.65/avrtoolchain/bin/../lib/gcc/avr/4.6.2/avr4\libgcc.a(_copy_data.o)
 .text          0x000011d6        0x0 e:/program files/atmel/atmel studio 6.0/extensions/atmel/avrgcc/3.4.0.65/avrtoolchain/bin/../lib/gcc/avr/4.6.2/avr4\libgcc.a(_clear_bss.o)
                0x000011d6                . = ALIGN (0x2)
 *(.text.*)
 .text.startup  0x000011d6        0x8 BicMeter.o
                0x000011d6                main
 .text.libgcc   0x000011de       0x3e e:/program files/atmel/atmel studio 6.0/extensions/atmel/avrgcc/3.4.0.65/avrtoolchain/bin/../lib/gcc/avr/4.6.2/avr4\libgcc.a(_mulsi3.o)
                0x000011de                __mulsi3
 .text.libgcc   0x0000121c       0x28 e:/program files/atmel/atmel studio 6.0/extensions/atmel/avrgcc/3.4.0.65/avrtoolchain/bin/../lib/gcc/avr/4.6.2/avr4\libgcc.a(_udivmodhi4.o)
                0x0000121c                __udivmodhi4
 .text.libgcc   0x00001244       0x44 e:/program files/atmel/atmel studio 6.0/extensions/atmel/avrgcc/3.4.0.65/avrtoolchain/bin/../lib/gcc/avr/4.6.2/avr4\libgcc.a(_udivmodsi4.o)
                0x00001244                __udivmodsi4
 .text.libgcc   0x00001288        0x0 e:/program files/atmel/atmel studio 6.0/extensions/atmel/avrgcc/3.4.0.65/avrtoolchain/bin/../lib/gcc/avr/4.6.2/avr4\libgcc.a(_exit.o)
 .text.libgcc   0x00001288        0x0 e:/program files/atmel/atmel studio 6.0/extensions/atmel/avrgcc/3.4.0.65/avrtoolchain/bin/../lib/gcc/avr/4.6.2/avr4\libgcc.a(_copy_data.o)
 .text.libgcc   0x00001288        0x0 e:/program files/atmel/atmel studio 6.0/extensions/atmel/avrgcc/3.4.0.65/avrtoolchain/bin/../lib/gcc/avr/4.6.2/avr4\libgcc.a(_clear_bss.o)
                0x00001288                . = ALIGN (0x2)
 *(.fini9)
 .fini9         0x00001288        0x0 e:/program files/atmel/atmel studio 6.0/extensions/atmel/avrgcc/3.4.0.65/avrtoolchain/bin/../lib/gcc/avr/4.6.2/avr4\libgcc.a(_exit.o)
                0x00001288                _exit
                0x00001288                exit
 *(.fini9)
 *(.fini8)
 *(.fini8)
 *(.fini7)
 *(.fini7)
 *(.fini6)
 *(.fini6)
 *(.fini5)
 *(.fini5)
 *(.fini4)
 *(.fini4)
 *(.fini3)
 *(.fini3)
 *(.fini2)
 *(.fini2)
 *(.fini1)
 *(.fini1)
 *(.fini0)
 .fini0         0x00001288        0x4 e:/program files/atmel/atmel studio 6.0/extensions/atmel/avrgcc/3.4.0.65/avrtoolchain/bin/../lib/gcc/avr/4.6.2/avr4\libgcc.a(_exit.o)
 *(.fini0)
                0x0000128c                _etext = .

.data           0x00800060       0x44 load address 0x0000128c
                0x00800060                PROVIDE (__data_start, .)
 *(.data)
 .data          0x00800060        0x0 e:/program files/atmel/atmel studio 6.0/extensions/atmel/avrgcc/3.4.0.65/avrtoolchain/bin/../lib/gcc/avr/4.6.2/../../../../avr/lib/avr4/crtm8a.o
 .data          0x00800060        0x5 APP.o
 .data          0x00800065        0x0 APP_CalcSpeed.o
 .data          0x00800065        0x0 APP_CalcTime.o
 .data          0x00800065        0x0 APP_HMI.o
 .data          0x00800065        0x0 APP_SleepManage.o
 .data          0x00800065        0xb BCDdisplay.o
                0x00800065                SevenSegmentMAP
 .data          0x00800070       0x1a DisplayManage.o
                0x00800070                Segment7ASCIItable
 .data          0x0080008a        0x0 Eeprom.o
 .data          0x0080008a       0x10 Key.o
                0x0080008a                KeyArrayConfig
 .data          0x0080009a        0x7 Led.o
                0x0080009a                LEDS_CONFIG_ARRAY
 .data          0x008000a1        0x2 SpeedCalc.o
 .data          0x008000a3        0x0 AppInterrupts.o
 .data          0x008000a3        0x0 OS_manage.o
 .data          0x008000a3        0x0 Scheduler.o
 .data          0x008000a3        0x0 HWIeeprom.o
 .data          0x008000a3        0x0 HWI_DIGITAL.o
 .data          0x008000a3        0x0 HWI_Interrupts.o
 .data          0x008000a3        0x0 HWI_Sleep.o
 .data          0x008000a3        0x0 HWI_StartConfig.o
 .data          0x008000a3        0x0 BicMeter.o
 .data          0x008000a3        0x0 e:/program files/atmel/atmel studio 6.0/extensions/atmel/avrgcc/3.4.0.65/avrtoolchain/bin/../lib/gcc/avr/4.6.2/avr4\libgcc.a(_mulsi3.o)
 .data          0x008000a3        0x0 e:/program files/atmel/atmel studio 6.0/extensions/atmel/avrgcc/3.4.0.65/avrtoolchain/bin/../lib/gcc/avr/4.6.2/avr4\libgcc.a(_udivmodhi4.o)
 .data          0x008000a3        0x0 e:/program files/atmel/atmel studio 6.0/extensions/atmel/avrgcc/3.4.0.65/avrtoolchain/bin/../lib/gcc/avr/4.6.2/avr4\libgcc.a(_udivmodsi4.o)
 .data          0x008000a3        0x0 e:/program files/atmel/atmel studio 6.0/extensions/atmel/avrgcc/3.4.0.65/avrtoolchain/bin/../lib/gcc/avr/4.6.2/avr4\libgcc.a(_exit.o)
 .data          0x008000a3        0x0 e:/program files/atmel/atmel studio 6.0/extensions/atmel/avrgcc/3.4.0.65/avrtoolchain/bin/../lib/gcc/avr/4.6.2/avr4\libgcc.a(_copy_data.o)
 .data          0x008000a3        0x0 e:/program files/atmel/atmel studio 6.0/extensions/atmel/avrgcc/3.4.0.65/avrtoolchain/bin/../lib/gcc/avr/4.6.2/avr4\libgcc.a(_clear_bss.o)
 *(.data*)
 *(.rodata)
 *(.rodata*)
 *(.gnu.linkonce.d*)
                0x008000a4                . = ALIGN (0x2)
 *fill*         0x008000a3        0x1 00
                0x008000a4                _edata = .
                0x008000a4                PROVIDE (__data_end, .)

.bss            0x008000a4       0x8e
                0x008000a4                PROVIDE (__bss_start, .)
 *(.bss)
 .bss           0x008000a4        0x0 e:/program files/atmel/atmel studio 6.0/extensions/atmel/avrgcc/3.4.0.65/avrtoolchain/bin/../lib/gcc/avr/4.6.2/../../../../avr/lib/avr4/crtm8a.o
 .bss           0x008000a4        0xf APP.o
 .bss           0x008000b3        0x2 APP_CalcSpeed.o
 .bss           0x008000b5        0x6 APP_CalcTime.o
 .bss           0x008000bb        0x1 APP_HMI.o
 .bss           0x008000bc        0x0 APP_SleepManage.o
 .bss           0x008000bc       0x18 BCDdisplay.o
 .bss           0x008000d4        0x0 DisplayManage.o
 .bss           0x008000d4       0x38 Eeprom.o
 .bss           0x0080010c        0x6 Key.o
 .bss           0x00800112        0x0 Led.o
 .bss           0x00800112        0xf SpeedCalc.o
                0x00800112                HwTimerOVFLcount
                0x00800113                HWtimerCount
                0x00800115                LapCounter
                0x00800116                NotifyFlag
 .bss           0x00800121        0x0 AppInterrupts.o
 .bss           0x00800121        0x0 OS_manage.o
 .bss           0x00800121       0x11 Scheduler.o
 .bss           0x00800132        0x0 HWIeeprom.o
 .bss           0x00800132        0x0 HWI_DIGITAL.o
 .bss           0x00800132        0x0 HWI_Interrupts.o
 .bss           0x00800132        0x0 HWI_Sleep.o
 .bss           0x00800132        0x0 HWI_StartConfig.o
 .bss           0x00800132        0x0 BicMeter.o
 .bss           0x00800132        0x0 e:/program files/atmel/atmel studio 6.0/extensions/atmel/avrgcc/3.4.0.65/avrtoolchain/bin/../lib/gcc/avr/4.6.2/avr4\libgcc.a(_mulsi3.o)
 .bss           0x00800132        0x0 e:/program files/atmel/atmel studio 6.0/extensions/atmel/avrgcc/3.4.0.65/avrtoolchain/bin/../lib/gcc/avr/4.6.2/avr4\libgcc.a(_udivmodhi4.o)
 .bss           0x00800132        0x0 e:/program files/atmel/atmel studio 6.0/extensions/atmel/avrgcc/3.4.0.65/avrtoolchain/bin/../lib/gcc/avr/4.6.2/avr4\libgcc.a(_udivmodsi4.o)
 .bss           0x00800132        0x0 e:/program files/atmel/atmel studio 6.0/extensions/atmel/avrgcc/3.4.0.65/avrtoolchain/bin/../lib/gcc/avr/4.6.2/avr4\libgcc.a(_exit.o)
 .bss           0x00800132        0x0 e:/program files/atmel/atmel studio 6.0/extensions/atmel/avrgcc/3.4.0.65/avrtoolchain/bin/../lib/gcc/avr/4.6.2/avr4\libgcc.a(_copy_data.o)
 .bss           0x00800132        0x0 e:/program files/atmel/atmel studio 6.0/extensions/atmel/avrgcc/3.4.0.65/avrtoolchain/bin/../lib/gcc/avr/4.6.2/avr4\libgcc.a(_clear_bss.o)
 *(.bss*)
 *(COMMON)
                0x00800132                PROVIDE (__bss_end, .)
                0x0000128c                __data_load_start = LOADADDR (.data)
                0x000012d0                __data_load_end = (__data_load_start + SIZEOF (.data))

.noinit         0x00800132        0x0
                0x00800132                PROVIDE (__noinit_start, .)
 *(.noinit*)
                0x00800132                PROVIDE (__noinit_end, .)
                0x00800132                _end = .
                0x00800132                PROVIDE (__heap_start, .)

.eeprom         0x00810000        0x0
 *(.eeprom*)
                0x00810000                __eeprom_end = .

.fuse
 *(.fuse)
 *(.lfuse)
 *(.hfuse)
 *(.efuse)

.lock
 *(.lock*)

.signature
 *(.signature*)

.stab           0x00000000      0x6cc
 *(.stab)
 .stab          0x00000000      0x6cc e:/program files/atmel/atmel studio 6.0/extensions/atmel/avrgcc/3.4.0.65/avrtoolchain/bin/../lib/gcc/avr/4.6.2/../../../../avr/lib/avr4/crtm8a.o

.stabstr        0x00000000       0x85
 *(.stabstr)
 .stabstr       0x00000000       0x85 e:/program files/atmel/atmel studio 6.0/extensions/atmel/avrgcc/3.4.0.65/avrtoolchain/bin/../lib/gcc/avr/4.6.2/../../../../avr/lib/avr4/crtm8a.o

.stab.excl
 *(.stab.excl)

.stab.exclstr
 *(.stab.exclstr)

.stab.index
 *(.stab.index)

.stab.indexstr
 *(.stab.indexstr)

.comment
 *(.comment)

.debug
 *(.debug)

.line
 *(.line)

.debug_srcinfo
 *(.debug_srcinfo)

.debug_sfnames
 *(.debug_sfnames)

.debug_aranges  0x00000000       0xc0
 *(.debug_aranges)
 .debug_aranges
                0x00000000       0x20 e:/program files/atmel/atmel studio 6.0/extensions/atmel/avrgcc/3.4.0.65/avrtoolchain/bin/../lib/gcc/avr/4.6.2/avr4\libgcc.a(_mulsi3.o)
 .debug_aranges
                0x00000020       0x20 e:/program files/atmel/atmel studio 6.0/extensions/atmel/avrgcc/3.4.0.65/avrtoolchain/bin/../lib/gcc/avr/4.6.2/avr4\libgcc.a(_udivmodhi4.o)
 .debug_aranges
                0x00000040       0x20 e:/program files/atmel/atmel studio 6.0/extensions/atmel/avrgcc/3.4.0.65/avrtoolchain/bin/../lib/gcc/avr/4.6.2/avr4\libgcc.a(_udivmodsi4.o)
 .debug_aranges
                0x00000060       0x20 e:/program files/atmel/atmel studio 6.0/extensions/atmel/avrgcc/3.4.0.65/avrtoolchain/bin/../lib/gcc/avr/4.6.2/avr4\libgcc.a(_exit.o)
 .debug_aranges
                0x00000080       0x20 e:/program files/atmel/atmel studio 6.0/extensions/atmel/avrgcc/3.4.0.65/avrtoolchain/bin/../lib/gcc/avr/4.6.2/avr4\libgcc.a(_copy_data.o)
 .debug_aranges
                0x000000a0       0x20 e:/program files/atmel/atmel studio 6.0/extensions/atmel/avrgcc/3.4.0.65/avrtoolchain/bin/../lib/gcc/avr/4.6.2/avr4\libgcc.a(_clear_bss.o)

.debug_pubnames
 *(.debug_pubnames)

.debug_info     0x00000000      0x52e
 *(.debug_info)
 .debug_info    0x00000000       0xdd e:/program files/atmel/atmel studio 6.0/extensions/atmel/avrgcc/3.4.0.65/avrtoolchain/bin/../lib/gcc/avr/4.6.2/avr4\libgcc.a(_mulsi3.o)
 .debug_info    0x000000dd       0xdd e:/program files/atmel/atmel studio 6.0/extensions/atmel/avrgcc/3.4.0.65/avrtoolchain/bin/../lib/gcc/avr/4.6.2/avr4\libgcc.a(_udivmodhi4.o)
 .debug_info    0x000001ba       0xdd e:/program files/atmel/atmel studio 6.0/extensions/atmel/avrgcc/3.4.0.65/avrtoolchain/bin/../lib/gcc/avr/4.6.2/avr4\libgcc.a(_udivmodsi4.o)
 .debug_info    0x00000297       0xdd e:/program files/atmel/atmel studio 6.0/extensions/atmel/avrgcc/3.4.0.65/avrtoolchain/bin/../lib/gcc/avr/4.6.2/avr4\libgcc.a(_exit.o)
 .debug_info    0x00000374       0xdd e:/program files/atmel/atmel studio 6.0/extensions/atmel/avrgcc/3.4.0.65/avrtoolchain/bin/../lib/gcc/avr/4.6.2/avr4\libgcc.a(_copy_data.o)
 .debug_info    0x00000451       0xdd e:/program files/atmel/atmel studio 6.0/extensions/atmel/avrgcc/3.4.0.65/avrtoolchain/bin/../lib/gcc/avr/4.6.2/avr4\libgcc.a(_clear_bss.o)
 *(.gnu.linkonce.wi.*)

.debug_abbrev   0x00000000       0x78
 *(.debug_abbrev)
 .debug_abbrev  0x00000000       0x14 e:/program files/atmel/atmel studio 6.0/extensions/atmel/avrgcc/3.4.0.65/avrtoolchain/bin/../lib/gcc/avr/4.6.2/avr4\libgcc.a(_mulsi3.o)
 .debug_abbrev  0x00000014       0x14 e:/program files/atmel/atmel studio 6.0/extensions/atmel/avrgcc/3.4.0.65/avrtoolchain/bin/../lib/gcc/avr/4.6.2/avr4\libgcc.a(_udivmodhi4.o)
 .debug_abbrev  0x00000028       0x14 e:/program files/atmel/atmel studio 6.0/extensions/atmel/avrgcc/3.4.0.65/avrtoolchain/bin/../lib/gcc/avr/4.6.2/avr4\libgcc.a(_udivmodsi4.o)
 .debug_abbrev  0x0000003c       0x14 e:/program files/atmel/atmel studio 6.0/extensions/atmel/avrgcc/3.4.0.65/avrtoolchain/bin/../lib/gcc/avr/4.6.2/avr4\libgcc.a(_exit.o)
 .debug_abbrev  0x00000050       0x14 e:/program files/atmel/atmel studio 6.0/extensions/atmel/avrgcc/3.4.0.65/avrtoolchain/bin/../lib/gcc/avr/4.6.2/avr4\libgcc.a(_copy_data.o)
 .debug_abbrev  0x00000064       0x14 e:/program files/atmel/atmel studio 6.0/extensions/atmel/avrgcc/3.4.0.65/avrtoolchain/bin/../lib/gcc/avr/4.6.2/avr4\libgcc.a(_clear_bss.o)

.debug_line     0x00000000      0x38e
 *(.debug_line)
 .debug_line    0x00000000       0xa5 e:/program files/atmel/atmel studio 6.0/extensions/atmel/avrgcc/3.4.0.65/avrtoolchain/bin/../lib/gcc/avr/4.6.2/avr4\libgcc.a(_mulsi3.o)
 .debug_line    0x000000a5       0x9a e:/program files/atmel/atmel studio 6.0/extensions/atmel/avrgcc/3.4.0.65/avrtoolchain/bin/../lib/gcc/avr/4.6.2/avr4\libgcc.a(_udivmodhi4.o)
 .debug_line    0x0000013f       0xa8 e:/program files/atmel/atmel studio 6.0/extensions/atmel/avrgcc/3.4.0.65/avrtoolchain/bin/../lib/gcc/avr/4.6.2/avr4\libgcc.a(_udivmodsi4.o)
 .debug_line    0x000001e7       0x88 e:/program files/atmel/atmel studio 6.0/extensions/atmel/avrgcc/3.4.0.65/avrtoolchain/bin/../lib/gcc/avr/4.6.2/avr4\libgcc.a(_exit.o)
 .debug_line    0x0000026f       0x91 e:/program files/atmel/atmel studio 6.0/extensions/atmel/avrgcc/3.4.0.65/avrtoolchain/bin/../lib/gcc/avr/4.6.2/avr4\libgcc.a(_copy_data.o)
 .debug_line    0x00000300       0x8e e:/program files/atmel/atmel studio 6.0/extensions/atmel/avrgcc/3.4.0.65/avrtoolchain/bin/../lib/gcc/avr/4.6.2/avr4\libgcc.a(_clear_bss.o)

.debug_frame
 *(.debug_frame)

.debug_str
 *(.debug_str)

.debug_loc
 *(.debug_loc)

.debug_macinfo
 *(.debug_macinfo)
OUTPUT(BicMeter.elf elf32-avr)
LOAD linker stubs
