Archive member included because of file (symbol)

e:/program files/atmel/atmel studio 6.0/extensions/atmel/avrgcc/3.4.0.65/avrtoolchain/bin/../lib/gcc/avr/4.6.2/avr4\libgcc.a(_mulsi3.o)
                              BCDdisplay.o (__mulsi3)
e:/program files/atmel/atmel studio 6.0/extensions/atmel/avrgcc/3.4.0.65/avrtoolchain/bin/../lib/gcc/avr/4.6.2/avr4\libgcc.a(_udivmodhi4.o)
                              APP.o (__udivmodhi4)
e:/program files/atmel/atmel studio 6.0/extensions/atmel/avrgcc/3.4.0.65/avrtoolchain/bin/../lib/gcc/avr/4.6.2/avr4\libgcc.a(_udivmodsi4.o)
                              BCDdisplay.o (__udivmodsi4)
e:/program files/atmel/atmel studio 6.0/extensions/atmel/avrgcc/3.4.0.65/avrtoolchain/bin/../lib/gcc/avr/4.6.2/avr4\libgcc.a(_exit.o)
                              e:/program files/atmel/atmel studio 6.0/extensions/atmel/avrgcc/3.4.0.65/avrtoolchain/bin/../lib/gcc/avr/4.6.2/../../../../avr/lib/avr4/crtm8a.o (exit)
e:/program files/atmel/atmel studio 6.0/extensions/atmel/avrgcc/3.4.0.65/avrtoolchain/bin/../lib/gcc/avr/4.6.2/avr4\libgcc.a(_copy_data.o)
                              APP.o (__do_copy_data)
e:/program files/atmel/atmel studio 6.0/extensions/atmel/avrgcc/3.4.0.65/avrtoolchain/bin/../lib/gcc/avr/4.6.2/avr4\libgcc.a(_clear_bss.o)
                              APP.o (__do_clear_bss)

Memory Configuration

Name             Origin             Length             Attributes
text             0x00000000         0x00002000         xr
data             0x00800060         0x0000ffa0         rw !x
eeprom           0x00810000         0x00010000         rw !x
fuse             0x00820000         0x00000400         rw !x
lock             0x00830000         0x00000400         rw !x
signature        0x00840000         0x00000400         rw !x
*default*        0x00000000         0xffffffff

Linker script and memory map

LOAD e:/program files/atmel/atmel studio 6.0/extensions/atmel/avrgcc/3.4.0.65/avrtoolchain/bin/../lib/gcc/avr/4.6.2/../../../../avr/lib/avr4/crtm8a.o
LOAD APP.o
LOAD APP_CalcAvgSpeed.o
LOAD APP_CalcTime.o
LOAD APP_HMI.o
LOAD APP_SleepManage.o
LOAD BCDdisplay.o
LOAD DisplayManage.o
LOAD Eeprom.o
LOAD Key.o
LOAD SpeedCalc.o
LOAD AppInterrupts.o
LOAD OS_manage.o
LOAD Scheduler.o
LOAD HWIeeprom.o
LOAD HWI_DIGITAL.o
LOAD HWI_Interrupts.o
LOAD HWI_Sleep.o
LOAD HWI_StartConfig.o
LOAD BicMeter.o
START GROUP
LOAD e:/program files/atmel/atmel studio 6.0/extensions/atmel/avrgcc/3.4.0.65/avrtoolchain/bin/../lib/gcc/avr/4.6.2/../../../../avr/lib/avr4\libm.a
END GROUP
LOAD e:/program files/atmel/atmel studio 6.0/extensions/atmel/avrgcc/3.4.0.65/avrtoolchain/bin/../lib/gcc/avr/4.6.2/avr4\libgcc.a
LOAD e:/program files/atmel/atmel studio 6.0/extensions/atmel/avrgcc/3.4.0.65/avrtoolchain/bin/../lib/gcc/avr/4.6.2/../../../../avr/lib/avr4\libc.a
LOAD e:/program files/atmel/atmel studio 6.0/extensions/atmel/avrgcc/3.4.0.65/avrtoolchain/bin/../lib/gcc/avr/4.6.2/avr4\libgcc.a

.hash
 *(.hash)

.dynsym
 *(.dynsym)

.dynstr
 *(.dynstr)

.gnu.version
 *(.gnu.version)

.gnu.version_d
 *(.gnu.version_d)

.gnu.version_r
 *(.gnu.version_r)

.rel.init
 *(.rel.init)

.rela.init
 *(.rela.init)

.rel.text
 *(.rel.text)
 *(.rel.text.*)
 *(.rel.gnu.linkonce.t*)

.rela.text
 *(.rela.text)
 *(.rela.text.*)
 *(.rela.gnu.linkonce.t*)

.rel.fini
 *(.rel.fini)

.rela.fini
 *(.rela.fini)

.rel.rodata
 *(.rel.rodata)
 *(.rel.rodata.*)
 *(.rel.gnu.linkonce.r*)

.rela.rodata
 *(.rela.rodata)
 *(.rela.rodata.*)
 *(.rela.gnu.linkonce.r*)

.rel.data
 *(.rel.data)
 *(.rel.data.*)
 *(.rel.gnu.linkonce.d*)

.rela.data
 *(.rela.data)
 *(.rela.data.*)
 *(.rela.gnu.linkonce.d*)

.rel.ctors
 *(.rel.ctors)

.rela.ctors
 *(.rela.ctors)

.rel.dtors
 *(.rel.dtors)

.rela.dtors
 *(.rela.dtors)

.rel.got
 *(.rel.got)

.rela.got
 *(.rela.got)

.rel.bss
 *(.rel.bss)

.rela.bss
 *(.rela.bss)

.rel.plt
 *(.rel.plt)

.rela.plt
 *(.rela.plt)

.text           0x00000000      0xffe
 *(.vectors)
 .vectors       0x00000000       0x26 e:/program files/atmel/atmel studio 6.0/extensions/atmel/avrgcc/3.4.0.65/avrtoolchain/bin/../lib/gcc/avr/4.6.2/../../../../avr/lib/avr4/crtm8a.o
                0x00000000                __vector_default
                0x00000000                __vectors
 *(.vectors)
 *(.progmem.gcc*)
 *(.progmem*)
                0x00000026                . = ALIGN (0x2)
                0x00000026                __trampolines_start = .
 *(.trampolines)
 .trampolines   0x00000026        0x0 linker stubs
 *(.trampolines*)
                0x00000026                __trampolines_end = .
 *(.jumptables)
 *(.jumptables*)
 *(.lowtext)
 *(.lowtext*)
                0x00000026                __ctors_start = .
 *(.ctors)
                0x00000026                __ctors_end = .
                0x00000026                __dtors_start = .
 *(.dtors)
                0x00000026                __dtors_end = .
 SORT(*)(.ctors)
 SORT(*)(.dtors)
 *(.init0)
 .init0         0x00000026        0x0 e:/program files/atmel/atmel studio 6.0/extensions/atmel/avrgcc/3.4.0.65/avrtoolchain/bin/../lib/gcc/avr/4.6.2/../../../../avr/lib/avr4/crtm8a.o
                0x00000026                __init
 *(.init0)
 *(.init1)
 *(.init1)
 *(.init2)
 .init2         0x00000026        0xc e:/program files/atmel/atmel studio 6.0/extensions/atmel/avrgcc/3.4.0.65/avrtoolchain/bin/../lib/gcc/avr/4.6.2/../../../../avr/lib/avr4/crtm8a.o
 *(.init2)
 *(.init3)
 *(.init3)
 *(.init4)
 .init4         0x00000032       0x16 e:/program files/atmel/atmel studio 6.0/extensions/atmel/avrgcc/3.4.0.65/avrtoolchain/bin/../lib/gcc/avr/4.6.2/avr4\libgcc.a(_copy_data.o)
                0x00000032                __do_copy_data
 .init4         0x00000048       0x10 e:/program files/atmel/atmel studio 6.0/extensions/atmel/avrgcc/3.4.0.65/avrtoolchain/bin/../lib/gcc/avr/4.6.2/avr4\libgcc.a(_clear_bss.o)
                0x00000048                __do_clear_bss
 *(.init4)
 *(.init5)
 *(.init5)
 *(.init6)
 *(.init6)
 *(.init7)
 *(.init7)
 *(.init8)
 *(.init8)
 *(.init9)
 .init9         0x00000058        0x4 e:/program files/atmel/atmel studio 6.0/extensions/atmel/avrgcc/3.4.0.65/avrtoolchain/bin/../lib/gcc/avr/4.6.2/../../../../avr/lib/avr4/crtm8a.o
 *(.init9)
 *(.text)
 .text          0x0000005c        0x2 e:/program files/atmel/atmel studio 6.0/extensions/atmel/avrgcc/3.4.0.65/avrtoolchain/bin/../lib/gcc/avr/4.6.2/../../../../avr/lib/avr4/crtm8a.o
                0x0000005c                __vector_12
                0x0000005c                __bad_interrupt
                0x0000005c                __vector_6
                0x0000005c                __vector_3
                0x0000005c                __vector_11
                0x0000005c                __vector_13
                0x0000005c                __vector_17
                0x0000005c                __vector_7
                0x0000005c                __vector_5
                0x0000005c                __vector_4
                0x0000005c                __vector_15
                0x0000005c                __vector_14
                0x0000005c                __vector_10
                0x0000005c                __vector_16
                0x0000005c                __vector_18
 .text          0x0000005e      0x368 APP.o
                0x0000015c                APP_INITIALIZE
                0x00000212                APP_MANAGE
 .text          0x000003c6        0x6 APP_CalcAvgSpeed.o
                0x000003c6                APP_CALC_AVGSPDemanage
 .text          0x000003cc       0xa4 APP_CalcTime.o
                0x000003cc                APP_CALC_TIMEsetTravelTime
                0x000003ea                APP_CALC_TIMEmanage
 .text          0x00000470       0xea APP_HMI.o
                0x00000470                APP_HMImanage
 .text          0x0000055a        0x2 APP_SleepManage.o
                0x0000055a                APP_SLEEPmanage
 .text          0x0000055c      0x254 BCDdisplay.o
                0x0000055c                BCDInitialize
                0x00000562                BCDsendNumber
                0x0000069a                BCDManage7segment
                0x00000756                BlinkDigit
                0x00000764                Segment7SendString
 .text          0x000007b0       0x60 DisplayManage.o
                0x000007b0                DisplaySendString
 .text          0x00000810       0xe2 Eeprom.o
                0x00000810                Eeprom_Write_Block
                0x00000852                Eeprom_Read_Block
                0x000008a4                EepromManage
 .text          0x000008f2      0x14a Key.o
                0x000008f2                KeyInitialize
                0x00000902                GetKeyStatus
                0x0000091c                MangeKeys
 .text          0x00000a3c      0x1ae SpeedCalc.o
                0x00000a3c                SpeedCalcNotifyInitialize
                0x00000a3e                SensorOneNotify
                0x00000a60                SensorTwoNotify
                0x00000aa6                SpeedCalcManage
                0x00000b4e                SetDistance
                0x00000b64                GetDistance
                0x00000b76                SetCircumfirunce
                0x00000b80                GetAvgSpeed
                0x00000bd6                HWtimerCallback
 .text          0x00000bea        0xc AppInterrupts.o
                0x00000bea                APP_ISR1
                0x00000bee                APP_ISR2
                0x00000bf2                APP_ISR3
 .text          0x00000bf6       0x52 OS_manage.o
                0x00000bf6                ManageDrivers
                0x00000c02                ManageSpeedCalc
                0x00000c06                ManageApplication
                0x00000c0a                DisplayAlphaNumeric
                0x00000c0e                Start_App
 .text          0x00000c48       0x80 Scheduler.o
                0x00000c48                CreateTask
                0x00000c66                SchedulerTick
                0x00000c7c                RunScheduler
 .text          0x00000cc8       0x32 HWIeeprom.o
                0x00000cc8                HWIeeprom_Write
                0x00000ce0                HWIeeprom_Read
 .text          0x00000cfa       0x7a HWI_DIGITAL.o
                0x00000cfa                HWI_DIGITAL_INITIALIZE
                0x00000d06                HWI_DIGI_READ
                0x00000d28                HWI_DIGI_WRITE
                0x00000d2a                HWI_4Digit_WRITE
                0x00000d42                HWI_4Digit_READ
                0x00000d5c                HWI_8Digit_WRITE
                0x00000d68                HWI8Digit_READ
 .text          0x00000d74      0x190 HWI_Interrupts.o
                0x00000d74                HWI_INTERRUPTS_INTITALIZE
                0x00000dba                ReloadHWtimer
                0x00000dda                __vector_9
                0x00000e24                __vector_8
                0x00000e72                __vector_1
                0x00000ebe                __vector_2
 .text          0x00000f04       0x20 HWI_Sleep.o
                0x00000f04                SendMCUtoSleep
 .text          0x00000f24       0x24 HWI_StartConfig.o
                0x00000f24                HWI_InitOscilatorCalib
 .text          0x00000f48        0x0 BicMeter.o
 .text          0x00000f48        0x0 e:/program files/atmel/atmel studio 6.0/extensions/atmel/avrgcc/3.4.0.65/avrtoolchain/bin/../lib/gcc/avr/4.6.2/avr4\libgcc.a(_mulsi3.o)
 .text          0x00000f48        0x0 e:/program files/atmel/atmel studio 6.0/extensions/atmel/avrgcc/3.4.0.65/avrtoolchain/bin/../lib/gcc/avr/4.6.2/avr4\libgcc.a(_udivmodhi4.o)
 .text          0x00000f48        0x0 e:/program files/atmel/atmel studio 6.0/extensions/atmel/avrgcc/3.4.0.65/avrtoolchain/bin/../lib/gcc/avr/4.6.2/avr4\libgcc.a(_udivmodsi4.o)
 .text          0x00000f48        0x0 e:/program files/atmel/atmel studio 6.0/extensions/atmel/avrgcc/3.4.0.65/avrtoolchain/bin/../lib/gcc/avr/4.6.2/avr4\libgcc.a(_exit.o)
 .text          0x00000f48        0x0 e:/program files/atmel/atmel studio 6.0/extensions/atmel/avrgcc/3.4.0.65/avrtoolchain/bin/../lib/gcc/avr/4.6.2/avr4\libgcc.a(_copy_data.o)
 .text          0x00000f48        0x0 e:/program files/atmel/atmel studio 6.0/extensions/atmel/avrgcc/3.4.0.65/avrtoolchain/bin/../lib/gcc/avr/4.6.2/avr4\libgcc.a(_clear_bss.o)
                0x00000f48                . = ALIGN (0x2)
 *(.text.*)
 .text.startup  0x00000f48        0x8 BicMeter.o
                0x00000f48                main
 .text.libgcc   0x00000f50       0x3e e:/program files/atmel/atmel studio 6.0/extensions/atmel/avrgcc/3.4.0.65/avrtoolchain/bin/../lib/gcc/avr/4.6.2/avr4\libgcc.a(_mulsi3.o)
                0x00000f50                __mulsi3
 .text.libgcc   0x00000f8e       0x28 e:/program files/atmel/atmel studio 6.0/extensions/atmel/avrgcc/3.4.0.65/avrtoolchain/bin/../lib/gcc/avr/4.6.2/avr4\libgcc.a(_udivmodhi4.o)
                0x00000f8e                __udivmodhi4
 .text.libgcc   0x00000fb6       0x44 e:/program files/atmel/atmel studio 6.0/extensions/atmel/avrgcc/3.4.0.65/avrtoolchain/bin/../lib/gcc/avr/4.6.2/avr4\libgcc.a(_udivmodsi4.o)
                0x00000fb6                __udivmodsi4
 .text.libgcc   0x00000ffa        0x0 e:/program files/atmel/atmel studio 6.0/extensions/atmel/avrgcc/3.4.0.65/avrtoolchain/bin/../lib/gcc/avr/4.6.2/avr4\libgcc.a(_exit.o)
 .text.libgcc   0x00000ffa        0x0 e:/program files/atmel/atmel studio 6.0/extensions/atmel/avrgcc/3.4.0.65/avrtoolchain/bin/../lib/gcc/avr/4.6.2/avr4\libgcc.a(_copy_data.o)
 .text.libgcc   0x00000ffa        0x0 e:/program files/atmel/atmel studio 6.0/extensions/atmel/avrgcc/3.4.0.65/avrtoolchain/bin/../lib/gcc/avr/4.6.2/avr4\libgcc.a(_clear_bss.o)
                0x00000ffa                . = ALIGN (0x2)
 *(.fini9)
 .fini9         0x00000ffa        0x0 e:/program files/atmel/atmel studio 6.0/extensions/atmel/avrgcc/3.4.0.65/avrtoolchain/bin/../lib/gcc/avr/4.6.2/avr4\libgcc.a(_exit.o)
                0x00000ffa                _exit
                0x00000ffa                exit
 *(.fini9)
 *(.fini8)
 *(.fini8)
 *(.fini7)
 *(.fini7)
 *(.fini6)
 *(.fini6)
 *(.fini5)
 *(.fini5)
 *(.fini4)
 *(.fini4)
 *(.fini3)
 *(.fini3)
 *(.fini2)
 *(.fini2)
 *(.fini1)
 *(.fini1)
 *(.fini0)
 .fini0         0x00000ffa        0x4 e:/program files/atmel/atmel studio 6.0/extensions/atmel/avrgcc/3.4.0.65/avrtoolchain/bin/../lib/gcc/avr/4.6.2/avr4\libgcc.a(_exit.o)
 *(.fini0)
                0x00000ffe                _etext = .

.data           0x00800060       0x38 load address 0x00000ffe
                0x00800060                PROVIDE (__data_start, .)
 *(.data)
 .data          0x00800060        0x0 e:/program files/atmel/atmel studio 6.0/extensions/atmel/avrgcc/3.4.0.65/avrtoolchain/bin/../lib/gcc/avr/4.6.2/../../../../avr/lib/avr4/crtm8a.o
 .data          0x00800060        0x0 APP.o
 .data          0x00800060        0x0 APP_CalcAvgSpeed.o
 .data          0x00800060        0x0 APP_CalcTime.o
 .data          0x00800060        0x0 APP_HMI.o
 .data          0x00800060        0x0 APP_SleepManage.o
 .data          0x00800060        0xb BCDdisplay.o
                0x00800060                SevenSegmentMAP
 .data          0x0080006b       0x1a DisplayManage.o
                0x0080006b                Segment7ASCIItable
 .data          0x00800085        0x0 Eeprom.o
 .data          0x00800085       0x10 Key.o
                0x00800085                KeyArrayConfig
 .data          0x00800095        0x2 SpeedCalc.o
 .data          0x00800097        0x0 AppInterrupts.o
 .data          0x00800097        0x0 OS_manage.o
 .data          0x00800097        0x0 Scheduler.o
 .data          0x00800097        0x0 HWIeeprom.o
 .data          0x00800097        0x0 HWI_DIGITAL.o
 .data          0x00800097        0x0 HWI_Interrupts.o
 .data          0x00800097        0x0 HWI_Sleep.o
 .data          0x00800097        0x0 HWI_StartConfig.o
 .data          0x00800097        0x0 BicMeter.o
 .data          0x00800097        0x0 e:/program files/atmel/atmel studio 6.0/extensions/atmel/avrgcc/3.4.0.65/avrtoolchain/bin/../lib/gcc/avr/4.6.2/avr4\libgcc.a(_mulsi3.o)
 .data          0x00800097        0x0 e:/program files/atmel/atmel studio 6.0/extensions/atmel/avrgcc/3.4.0.65/avrtoolchain/bin/../lib/gcc/avr/4.6.2/avr4\libgcc.a(_udivmodhi4.o)
 .data          0x00800097        0x0 e:/program files/atmel/atmel studio 6.0/extensions/atmel/avrgcc/3.4.0.65/avrtoolchain/bin/../lib/gcc/avr/4.6.2/avr4\libgcc.a(_udivmodsi4.o)
 .data          0x00800097        0x0 e:/program files/atmel/atmel studio 6.0/extensions/atmel/avrgcc/3.4.0.65/avrtoolchain/bin/../lib/gcc/avr/4.6.2/avr4\libgcc.a(_exit.o)
 .data          0x00800097        0x0 e:/program files/atmel/atmel studio 6.0/extensions/atmel/avrgcc/3.4.0.65/avrtoolchain/bin/../lib/gcc/avr/4.6.2/avr4\libgcc.a(_copy_data.o)
 .data          0x00800097        0x0 e:/program files/atmel/atmel studio 6.0/extensions/atmel/avrgcc/3.4.0.65/avrtoolchain/bin/../lib/gcc/avr/4.6.2/avr4\libgcc.a(_clear_bss.o)
 *(.data*)
 *(.rodata)
 *(.rodata*)
 *(.gnu.linkonce.d*)
                0x00800098                . = ALIGN (0x2)
 *fill*         0x00800097        0x1 00
                0x00800098                _edata = .
                0x00800098                PROVIDE (__data_end, .)

.bss            0x00800098       0x89
                0x00800098                PROVIDE (__bss_start, .)
 *(.bss)
 .bss           0x00800098        0x0 e:/program files/atmel/atmel studio 6.0/extensions/atmel/avrgcc/3.4.0.65/avrtoolchain/bin/../lib/gcc/avr/4.6.2/../../../../avr/lib/avr4/crtm8a.o
 .bss           0x00800098        0xd APP.o
 .bss           0x008000a5        0x0 APP_CalcAvgSpeed.o
 .bss           0x008000a5        0x6 APP_CalcTime.o
 .bss           0x008000ab        0x1 APP_HMI.o
 .bss           0x008000ac        0x0 APP_SleepManage.o
 .bss           0x008000ac       0x18 BCDdisplay.o
 .bss           0x008000c4        0x0 DisplayManage.o
 .bss           0x008000c4       0x38 Eeprom.o
 .bss           0x008000fc        0x6 Key.o
 .bss           0x00800102        0xe SpeedCalc.o
                0x00800102                HwTimerOVFLcount
                0x00800103                HWtimerCount
                0x00800105                LapCounter
                0x00800106                NotifyFlag
 .bss           0x00800110        0x0 AppInterrupts.o
 .bss           0x00800110        0x0 OS_manage.o
 .bss           0x00800110       0x11 Scheduler.o
 .bss           0x00800121        0x0 HWIeeprom.o
 .bss           0x00800121        0x0 HWI_DIGITAL.o
 .bss           0x00800121        0x0 HWI_Interrupts.o
 .bss           0x00800121        0x0 HWI_Sleep.o
 .bss           0x00800121        0x0 HWI_StartConfig.o
 .bss           0x00800121        0x0 BicMeter.o
 .bss           0x00800121        0x0 e:/program files/atmel/atmel studio 6.0/extensions/atmel/avrgcc/3.4.0.65/avrtoolchain/bin/../lib/gcc/avr/4.6.2/avr4\libgcc.a(_mulsi3.o)
 .bss           0x00800121        0x0 e:/program files/atmel/atmel studio 6.0/extensions/atmel/avrgcc/3.4.0.65/avrtoolchain/bin/../lib/gcc/avr/4.6.2/avr4\libgcc.a(_udivmodhi4.o)
 .bss           0x00800121        0x0 e:/program files/atmel/atmel studio 6.0/extensions/atmel/avrgcc/3.4.0.65/avrtoolchain/bin/../lib/gcc/avr/4.6.2/avr4\libgcc.a(_udivmodsi4.o)
 .bss           0x00800121        0x0 e:/program files/atmel/atmel studio 6.0/extensions/atmel/avrgcc/3.4.0.65/avrtoolchain/bin/../lib/gcc/avr/4.6.2/avr4\libgcc.a(_exit.o)
 .bss           0x00800121        0x0 e:/program files/atmel/atmel studio 6.0/extensions/atmel/avrgcc/3.4.0.65/avrtoolchain/bin/../lib/gcc/avr/4.6.2/avr4\libgcc.a(_copy_data.o)
 .bss           0x00800121        0x0 e:/program files/atmel/atmel studio 6.0/extensions/atmel/avrgcc/3.4.0.65/avrtoolchain/bin/../lib/gcc/avr/4.6.2/avr4\libgcc.a(_clear_bss.o)
 *(.bss*)
 *(COMMON)
                0x00800121                PROVIDE (__bss_end, .)
                0x00000ffe                __data_load_start = LOADADDR (.data)
                0x00001036                __data_load_end = (__data_load_start + SIZEOF (.data))

.noinit         0x00800121        0x0
                0x00800121                PROVIDE (__noinit_start, .)
 *(.noinit*)
                0x00800121                PROVIDE (__noinit_end, .)
                0x00800121                _end = .
                0x00800121                PROVIDE (__heap_start, .)

.eeprom         0x00810000        0x0
 *(.eeprom*)
                0x00810000                __eeprom_end = .

.fuse
 *(.fuse)
 *(.lfuse)
 *(.hfuse)
 *(.efuse)

.lock
 *(.lock*)

.signature
 *(.signature*)

.stab           0x00000000      0x6cc
 *(.stab)
 .stab          0x00000000      0x6cc e:/program files/atmel/atmel studio 6.0/extensions/atmel/avrgcc/3.4.0.65/avrtoolchain/bin/../lib/gcc/avr/4.6.2/../../../../avr/lib/avr4/crtm8a.o

.stabstr        0x00000000       0x85
 *(.stabstr)
 .stabstr       0x00000000       0x85 e:/program files/atmel/atmel studio 6.0/extensions/atmel/avrgcc/3.4.0.65/avrtoolchain/bin/../lib/gcc/avr/4.6.2/../../../../avr/lib/avr4/crtm8a.o

.stab.excl
 *(.stab.excl)

.stab.exclstr
 *(.stab.exclstr)

.stab.index
 *(.stab.index)

.stab.indexstr
 *(.stab.indexstr)

.comment
 *(.comment)

.debug
 *(.debug)

.line
 *(.line)

.debug_srcinfo
 *(.debug_srcinfo)

.debug_sfnames
 *(.debug_sfnames)

.debug_aranges  0x00000000       0xc0
 *(.debug_aranges)
 .debug_aranges
                0x00000000       0x20 e:/program files/atmel/atmel studio 6.0/extensions/atmel/avrgcc/3.4.0.65/avrtoolchain/bin/../lib/gcc/avr/4.6.2/avr4\libgcc.a(_mulsi3.o)
 .debug_aranges
                0x00000020       0x20 e:/program files/atmel/atmel studio 6.0/extensions/atmel/avrgcc/3.4.0.65/avrtoolchain/bin/../lib/gcc/avr/4.6.2/avr4\libgcc.a(_udivmodhi4.o)
 .debug_aranges
                0x00000040       0x20 e:/program files/atmel/atmel studio 6.0/extensions/atmel/avrgcc/3.4.0.65/avrtoolchain/bin/../lib/gcc/avr/4.6.2/avr4\libgcc.a(_udivmodsi4.o)
 .debug_aranges
                0x00000060       0x20 e:/program files/atmel/atmel studio 6.0/extensions/atmel/avrgcc/3.4.0.65/avrtoolchain/bin/../lib/gcc/avr/4.6.2/avr4\libgcc.a(_exit.o)
 .debug_aranges
                0x00000080       0x20 e:/program files/atmel/atmel studio 6.0/extensions/atmel/avrgcc/3.4.0.65/avrtoolchain/bin/../lib/gcc/avr/4.6.2/avr4\libgcc.a(_copy_data.o)
 .debug_aranges
                0x000000a0       0x20 e:/program files/atmel/atmel studio 6.0/extensions/atmel/avrgcc/3.4.0.65/avrtoolchain/bin/../lib/gcc/avr/4.6.2/avr4\libgcc.a(_clear_bss.o)

.debug_pubnames
 *(.debug_pubnames)

.debug_info     0x00000000      0x52e
 *(.debug_info)
 .debug_info    0x00000000       0xdd e:/program files/atmel/atmel studio 6.0/extensions/atmel/avrgcc/3.4.0.65/avrtoolchain/bin/../lib/gcc/avr/4.6.2/avr4\libgcc.a(_mulsi3.o)
 .debug_info    0x000000dd       0xdd e:/program files/atmel/atmel studio 6.0/extensions/atmel/avrgcc/3.4.0.65/avrtoolchain/bin/../lib/gcc/avr/4.6.2/avr4\libgcc.a(_udivmodhi4.o)
 .debug_info    0x000001ba       0xdd e:/program files/atmel/atmel studio 6.0/extensions/atmel/avrgcc/3.4.0.65/avrtoolchain/bin/../lib/gcc/avr/4.6.2/avr4\libgcc.a(_udivmodsi4.o)
 .debug_info    0x00000297       0xdd e:/program files/atmel/atmel studio 6.0/extensions/atmel/avrgcc/3.4.0.65/avrtoolchain/bin/../lib/gcc/avr/4.6.2/avr4\libgcc.a(_exit.o)
 .debug_info    0x00000374       0xdd e:/program files/atmel/atmel studio 6.0/extensions/atmel/avrgcc/3.4.0.65/avrtoolchain/bin/../lib/gcc/avr/4.6.2/avr4\libgcc.a(_copy_data.o)
 .debug_info    0x00000451       0xdd e:/program files/atmel/atmel studio 6.0/extensions/atmel/avrgcc/3.4.0.65/avrtoolchain/bin/../lib/gcc/avr/4.6.2/avr4\libgcc.a(_clear_bss.o)
 *(.gnu.linkonce.wi.*)

.debug_abbrev   0x00000000       0x78
 *(.debug_abbrev)
 .debug_abbrev  0x00000000       0x14 e:/program files/atmel/atmel studio 6.0/extensions/atmel/avrgcc/3.4.0.65/avrtoolchain/bin/../lib/gcc/avr/4.6.2/avr4\libgcc.a(_mulsi3.o)
 .debug_abbrev  0x00000014       0x14 e:/program files/atmel/atmel studio 6.0/extensions/atmel/avrgcc/3.4.0.65/avrtoolchain/bin/../lib/gcc/avr/4.6.2/avr4\libgcc.a(_udivmodhi4.o)
 .debug_abbrev  0x00000028       0x14 e:/program files/atmel/atmel studio 6.0/extensions/atmel/avrgcc/3.4.0.65/avrtoolchain/bin/../lib/gcc/avr/4.6.2/avr4\libgcc.a(_udivmodsi4.o)
 .debug_abbrev  0x0000003c       0x14 e:/program files/atmel/atmel studio 6.0/extensions/atmel/avrgcc/3.4.0.65/avrtoolchain/bin/../lib/gcc/avr/4.6.2/avr4\libgcc.a(_exit.o)
 .debug_abbrev  0x00000050       0x14 e:/program files/atmel/atmel studio 6.0/extensions/atmel/avrgcc/3.4.0.65/avrtoolchain/bin/../lib/gcc/avr/4.6.2/avr4\libgcc.a(_copy_data.o)
 .debug_abbrev  0x00000064       0x14 e:/program files/atmel/atmel studio 6.0/extensions/atmel/avrgcc/3.4.0.65/avrtoolchain/bin/../lib/gcc/avr/4.6.2/avr4\libgcc.a(_clear_bss.o)

.debug_line     0x00000000      0x38e
 *(.debug_line)
 .debug_line    0x00000000       0xa5 e:/program files/atmel/atmel studio 6.0/extensions/atmel/avrgcc/3.4.0.65/avrtoolchain/bin/../lib/gcc/avr/4.6.2/avr4\libgcc.a(_mulsi3.o)
 .debug_line    0x000000a5       0x9a e:/program files/atmel/atmel studio 6.0/extensions/atmel/avrgcc/3.4.0.65/avrtoolchain/bin/../lib/gcc/avr/4.6.2/avr4\libgcc.a(_udivmodhi4.o)
 .debug_line    0x0000013f       0xa8 e:/program files/atmel/atmel studio 6.0/extensions/atmel/avrgcc/3.4.0.65/avrtoolchain/bin/../lib/gcc/avr/4.6.2/avr4\libgcc.a(_udivmodsi4.o)
 .debug_line    0x000001e7       0x88 e:/program files/atmel/atmel studio 6.0/extensions/atmel/avrgcc/3.4.0.65/avrtoolchain/bin/../lib/gcc/avr/4.6.2/avr4\libgcc.a(_exit.o)
 .debug_line    0x0000026f       0x91 e:/program files/atmel/atmel studio 6.0/extensions/atmel/avrgcc/3.4.0.65/avrtoolchain/bin/../lib/gcc/avr/4.6.2/avr4\libgcc.a(_copy_data.o)
 .debug_line    0x00000300       0x8e e:/program files/atmel/atmel studio 6.0/extensions/atmel/avrgcc/3.4.0.65/avrtoolchain/bin/../lib/gcc/avr/4.6.2/avr4\libgcc.a(_clear_bss.o)

.debug_frame
 *(.debug_frame)

.debug_str
 *(.debug_str)

.debug_loc
 *(.debug_loc)

.debug_macinfo
 *(.debug_macinfo)
OUTPUT(BicMeter.elf elf32-avr)
LOAD linker stubs
