Microchip MPLAB XC8 Compiler V1.41 ()

Linker command line:

--edf=C:\Program Files\Microchip\xc8\v1.41\dat\en_msgs.txt -cs \
  -h+dist/default/production\BicMeter.X.production.sym \
  --cmf=dist/default/production\BicMeter.X.production.cmf -z -Q18F4520 \
  -oC:\Users\0E57~1\AppData\Local\Temp\s3rs.2 \
  -Mdist/default/production/BicMeter.X.production.map -E1 -ver=XC8 \
  -ASTACK=0DAh-05ffh -pstack=STACK -ACODE=00h-07FFFh -ACONST=00h-07FFFh \
  -ASMALLCONST=0600h-06FFhx122 -AMEDIUMCONST=0600h-07FFFh -ACOMRAM=01h-07Fh \
  -AABS1=00h-05FFh -ABIGRAM=01h-05FFh -ARAM=080h-0FFh,0100h-01FFhx5 \
  -ABANK0=080h-0FFh -ABANK1=0100h-01FFh -ABANK2=0200h-02FFh \
  -ABANK3=0300h-03FFh -ABANK4=0400h-04FFh -ABANK5=0500h-05FFh \
  -ASFR=0F80h-0FFFh -preset_vec=00h,intcode=08h,intcodelo,powerup,init \
  -pramtop=0600h -psmallconst=SMALLCONST -pmediumconst=MEDIUMCONST \
  -pconst=CONST -AFARRAM=00h-00h -ACONFIG=0300000h-030000Dh -pconfig=CONFIG \
  -AIDLOC=0200000h-0200007h -pidloc=IDLOC -AEEDATA=0F00000h-0F000FFh \
  -peeprom_data=EEDATA \
  -prdata=COMRAM,nvrram=COMRAM,nvbit=COMRAM,rbss=COMRAM,rbit=COMRAM \
  -pfarbss=FARRAM,fardata=FARRAM,nvFARRAM=FARRAM \
  -pintsave_regs=BIGRAM,bigbss=BIGRAM,bigdata=BIGRAM -pbss=RAM \
  -pidata=CODE,irdata=CODE,ibigdata=CODE,ifardata=CODE -prparam=COMRAM \
  C:\Users\0E57~1\AppData\Local\Temp\s3rs.obj \
  dist/default/production\BicMeter.X.production.obj 

Object code version is 3.11

Machine type is 18F4520

Call graph: (short form)




                Name                               Link     Load   Length Selector   Space Scale
C:\Users\0E57~1\AppData\Local\Temp\s3rs.obj
                init                                  E        E        4        4       0
                reset_vec                             0        0        4        0       0
                idloc                            200000   200000        8   200000       0
                config                           300000   300000        E   300000       0
dist/default/production\BicMeter.X.production.obj
                intcode                               8        8        6        4       0
                temp                                 68       68        1        1       1
                smallconst                          600      600       40      300       0
                text44                             1758     1758       16      320       0
                text43                             17D2     17D2        6      320       0
                text42                             1564     1564       3C      320       0
                text41                             162E     162E       2E      320       0
                text40                             17CC     17CC        6      320       0
                text39                             179A     179A        A      320       0
                text38                             17C6     17C6        6      320       0
                text37                             165C     165C       2A      320       0
                intcode_body                        ECE      ECE       BC      320       0
                text35                             16AE     16AE       28      320       0
                text34                             142A     142A       42      320       0
                text33                             1686     1686       28      320       0
                text32                             17AC     17AC        8      320       0
                text31                             132A     132A       58      320       0
                text30                             173E     173E       1A      320       0
                text29                             14EA     14EA       3E      320       0
                text28                             15A0     15A0       32      320       0
                text27                             16FC     16FC       26      320       0
                text26                              F8A      F8A       A2      320       0
                text25                             13D8     13D8       52      320       0
                text24                             16D6     16D6       26      320       0
                text23                              D96      D96      138      320       0
                text22                             1780     1780       10      320       0
                text21                             12C8     12C8       62      320       0
                text20                             11DA     11DA       82      320       0
                text19                             1382     1382       56      320       0
                text18                             102C     102C       92      320       0
                text17                             176E     176E       12      320       0
                text16                             1600     1600       2E      320       0
                text15                              C1A      C1A      17C      320       0
                text14                             1790     1790        A      320       0
                text13                              A6E      A6E      1AC      320       0
                text12                             15D2     15D2       2E      320       0
                text11                             146C     146C       40      320       0
                text10                             1528     1528       3C      320       0
                text9                               640      640      42E      320       0
                text8                              10BE     10BE       90      320       0
                text7                              17C0     17C0        6      320       0
                text6                              17BA     17BA        6      320       0
                text5                              17B4     17B4        6      320       0
                text4                              1722     1722       1C      320       0
                text3                              114E     114E       8C      320       0
                text2                              17DA     17DA        2      320       0
                text1                              125C     125C       6C      320       0
                text0                              17A4     17A4        8      320       0
                cstackCOMRAM                          1        1       38        1       1
                cstackBANK0                          D2       D2        8       80       1
                bssBANK0                             80       80       52       80       1
                dataCOMRAM                           66       66        2        1       1
                bssCOMRAM                            39       39       2D        1       1
                cinit                              14AC     14AC       3E      320       0
                idataCOMRAM                        17D8     17D8        2      320       0

TOTAL           Name                               Link     Load   Length     Space
        CLASS   STACK          

        CLASS   CODE           
                intcode                               8        8        6         0
                init                                  E        E        4         0
                reset_vec                             0        0        4         0
                text44                             1758     1758       16         0
                text43                             17D2     17D2        6         0
                text42                             1564     1564       3C         0
                text41                             162E     162E       2E         0
                text40                             17CC     17CC        6         0
                text39                             179A     179A        A         0
                text38                             17C6     17C6        6         0
                text37                             165C     165C       2A         0
                intcode_body                        ECE      ECE       BC         0
                text35                             16AE     16AE       28         0
                text34                             142A     142A       42         0
                text33                             1686     1686       28         0
                text32                             17AC     17AC        8         0
                text31                             132A     132A       58         0
                text30                             173E     173E       1A         0
                text29                             14EA     14EA       3E         0
                text28                             15A0     15A0       32         0
                text27                             16FC     16FC       26         0
                text26                              F8A      F8A       A2         0
                text25                             13D8     13D8       52         0
                text24                             16D6     16D6       26         0
                text23                              D96      D96      138         0
                text22                             1780     1780       10         0
                text21                             12C8     12C8       62         0
                text20                             11DA     11DA       82         0
                text19                             1382     1382       56         0
                text18                             102C     102C       92         0
                text17                             176E     176E       12         0
                text16                             1600     1600       2E         0
                text15                              C1A      C1A      17C         0
                text14                             1790     1790        A         0
                text13                              A6E      A6E      1AC         0
                text12                             15D2     15D2       2E         0
                text11                             146C     146C       40         0
                text10                             1528     1528       3C         0
                text9                               640      640      42E         0
                text8                              10BE     10BE       90         0
                text7                              17C0     17C0        6         0
                text6                              17BA     17BA        6         0
                text5                              17B4     17B4        6         0
                text4                              1722     1722       1C         0
                text3                              114E     114E       8C         0
                text2                              17DA     17DA        2         0
                text1                              125C     125C       6C         0
                text0                              17A4     17A4        8         0
                cinit                              14AC     14AC       3E         0
                idataCOMRAM                        17D8     17D8        2         0

        CLASS   CONST          

        CLASS   SMALLCONST     
                smallconst                          600      600       40         0

        CLASS   MEDIUMCONST    

        CLASS   COMRAM         
                temp                                 68       68        1         1
                cstackCOMRAM                          1        1       38         1
                dataCOMRAM                           66       66        2         1
                bssCOMRAM                            39       39       2D         1

        CLASS   ABS1           

        CLASS   BIGRAM         

        CLASS   RAM            

        CLASS   BANK0          
                cstackBANK0                          D2       D2        8         1
                bssBANK0                             80       80       52         1

        CLASS   BANK1          

        CLASS   BANK2          

        CLASS   BANK3          

        CLASS   BANK4          

        CLASS   BANK5          

        CLASS   SFR            

        CLASS   FARRAM         

        CLASS   CONFIG         
                config                           300000   300000        E         0

        CLASS   IDLOC          
                idloc                            200000   200000        8         0

        CLASS   EEDATA         



SEGMENTS        Name                           Load    Length   Top    Selector   Space  Class

                reset_vec                      000000  000004  000004         0       0  CODE    
                cstackCOMRAM                   000001  000068  000069         1       1  COMRAM  
                intcode                        000008  00000A  000012         4       0  CODE    
                bssBANK0                       000080  00005A  0000DA        80       1  BANK0   
                smallconst                     000600  000040  000640       300       0  SMALLCON
                text9                          000640  00119C  0017DC       320       0  CODE    
                idloc                          200000  000008  200008    200000       0  IDLOC   
                config                         300000  00000E  30000E    300000       0  CONFIG  


UNUSED ADDRESS RANGES

        Name                Unused          Largest block    Delta
        BANK0            0000DA-0000FF               26
        BANK1            000100-0001FF              100
        BANK2            000200-0002FF              100
        BANK3            000300-0003FF              100
        BANK4            000400-0004FF              100
        BANK5            000500-0005FF              100
        BIGRAM           000069-00007F               17
                         0000DA-0005FF              526
        CODE             000004-000007                4
                         000012-0005FF              5EE
                         0017DC-007FFF             6824
        COMRAM           000069-00007F               17
        CONST            000004-000007                4
                         000012-0005FF              5EE
                         0017DC-007FFF             6824
        EEDATA           F00000-F000FF              100
        MEDIUMCONST      0017DC-007FFF             6824
        RAM              0000DA-0005FF              100
        SFR              000F80-000FFF               80
        SMALLCONST       0017DC-007FFF              100
        STACK            0000DA-0005FF              526

                                  Symbol Table

?_GetAvgSpeed                                cstackCOMRAM 00002D
?_GetDistance                                cstackCOMRAM 000014
?_IncrementDecrementSingleDigit              cstackCOMRAM 00001B
?_ReloadHWtimer                              cstackCOMRAM 000001
?___lldiv                                    cstackCOMRAM 000020
?___lmul                                     cstackCOMRAM 000014
?___lwdiv                                    cstackCOMRAM 000014
?___wmul                                     cstackCOMRAM 000014
APP_MANAGE@AvgSpeedKph                       cstackBANK0  0000D2
APP_MANAGE@TravelledDistance                 cstackBANK0  0000D5
APP_MANAGE@bIsBlinkMode                      bssCOMRAM    000045
APP_MANAGE@blinkIndex                        bssCOMRAM    000047
APP_MANAGE@keystatus                         cstackBANK0  0000D9
APP_MANAGE@keystatus2                        cstackBANK0  0000D4
BCDInitialize@bIsCommonAnode                 cstackCOMRAM 000014
BCDManage7segment@BCD                        cstackCOMRAM 000019
BCDManage7segment@BlinkCounter               bssCOMRAM    000053
BCDManage7segment@DigitIndex                 bssCOMRAM    000054
BCDManage7segment@Index                      cstackCOMRAM 000018
BCDManage7segment@LineIndex                  bssCOMRAM    000052
BCDsendNumber@Buffer                         cstackCOMRAM 000028
BCDsendNumber@DecimalPlace                   cstackCOMRAM 00001E
BCDsendNumber@EnableTranc                    cstackCOMRAM 00001F
BCDsendNumber@Line                           cstackCOMRAM 00001D
BCDsendNumber@Link                           cstackCOMRAM 000024
BCDsendNumber@LoopIndex                      cstackCOMRAM 00002A
BCDsendNumber@Number                         cstackCOMRAM 00001B
BCDsendNumber@Output                         cstackCOMRAM 000026
BlinkDigit@Index                             cstackCOMRAM 000016
BlinkDigit@Line                              cstackCOMRAM 000014
BlinkDigit@duration                          cstackCOMRAM 000015
CreateTask@MangeFunction                     cstackCOMRAM 000014
CreateTask@Period                            cstackCOMRAM 000017
CreateTask@TaskId                            cstackCOMRAM 000016
EepromManage@WriteIndex                      bssCOMRAM    00004E
EepromManage@WriteSuccess                    cstackCOMRAM 000017
Eeprom_Read_Block@BlockSize                  cstackCOMRAM 00001A
Eeprom_Read_Block@DataPtr                    cstackCOMRAM 000018
Eeprom_Read_Block@LoopIndex                  cstackCOMRAM 00001E
Eeprom_Read_Block@ReadGranted                cstackCOMRAM 00001B
Eeprom_Read_Block@ReadSuccess                cstackCOMRAM 00001D
Eeprom_Read_Block@address                    cstackCOMRAM 00001C
Eeprom_Write_Block@BlockSize                 cstackCOMRAM 000016
Eeprom_Write_Block@DataPtr                   cstackCOMRAM 000014
Eeprom_Write_Block@LoopIndex                 cstackCOMRAM 00001B
Eeprom_Write_Block@WriteGranted              cstackCOMRAM 000019
Eeprom_Write_Block@address                   cstackCOMRAM 00001A
Eeprom_Write_Block@ptrFnCallback             cstackCOMRAM 000017
GetAvgSpeed@AvgSpeedKphMph                   cstackCOMRAM 000034
GetAvgSpeed@KphMphFactor                     cstackCOMRAM 000030
GetAvgSpeed@bIsKph                           cstackCOMRAM 00002F
GetKeyStatus@KeyID                           cstackCOMRAM 000015
GetKeyStatus@KeyStatus                       cstackCOMRAM 000014
HWI_4Digit_WRITE@port                        cstackCOMRAM 000015
HWI_4Digit_WRITE@value                       cstackCOMRAM 000014
HWI_8Digit_WRITE@port                        cstackCOMRAM 000015
HWI_8Digit_WRITE@value                       cstackCOMRAM 000014
HWI_DIGI_READ@HWIread                        cstackCOMRAM 000015
HWI_DIGI_READ@pin                            cstackCOMRAM 000014
HWIeeprom_Read@Data                          cstackCOMRAM 000014
HWIeeprom_Read@ReadSuccess                   cstackCOMRAM 000017
HWIeeprom_Read@address                       cstackCOMRAM 000016
HWIeeprom_Write@Data                         cstackCOMRAM 000014
HWIeeprom_Write@WriteSuccess                 cstackCOMRAM 000016
HWIeeprom_Write@address                      cstackCOMRAM 000015
IncrementDecrementSingleDigit@Index          cstackCOMRAM 00001D
IncrementDecrementSingleDigit@Link           cstackCOMRAM 000020
IncrementDecrementSingleDigit@LoopIndex      cstackCOMRAM 00002B
IncrementDecrementSingleDigit@Number         cstackCOMRAM 00001B
IncrementDecrementSingleDigit@NumberReturned cstackCOMRAM 000022
IncrementDecrementSingleDigit@Output         cstackCOMRAM 000027
IncrementDecrementSingleDigit@PowIndex       cstackCOMRAM 000024
IncrementDecrementSingleDigit@bIsincrement   cstackCOMRAM 00001E
IncrementDecrementSingleDigit@unitPosition   cstackCOMRAM 000025
ManageDrivers@LoopIndex                      cstackCOMRAM 00001B
MangeKeys@HWIreading                         cstackCOMRAM 000019
MangeKeys@KeyID                              cstackCOMRAM 00001A
MangeKeys@KeyState                           cstackCOMRAM 000018
ReloadHWtimer@ElapsedTime                    cstackCOMRAM 000004
ReloadHWtimer@TimerId                        cstackCOMRAM 000003
RunScheduler@TaskIndex                       bssCOMRAM    000049
SchedulerTick@TaskIndex                      cstackCOMRAM 000001
SetCircumfirunce@Circum                      cstackCOMRAM 000014
SpeedCalcManage@HundredMeterReference        cstackCOMRAM 00002F
_APP_INITIALIZE                              text33       001686
_APP_ISR1                                    text43       0017D2
_APP_ISR2                                    text40       0017CC
_APP_ISR3                                    text38       0017C6
_APP_MANAGE                                  text13       000A6E
_ArrayTask                                   bssBANK0     0000B2
_BCDAlpha                                    bssBANK0     0000C2
_BCDInitialize                               text32       0017AC
_BCDManage7segment                           text26       000F8A
_BCDsendNumber                               text23       000D96
_BlinkDigit                                  text22       001780
_BlinkDuration                               bssCOMRAM    000057
_BlinkFlag                                   bssCOMRAM    000055
_BlinkIndex                                  bssCOMRAM    000058
_Circum                                      bssCOMRAM    000064
_CircumFactor                                dataCOMRAM   000066
_CreateTask                                  text31       00132A
_DataArray                                   bssBANK0     000080
_DataSize                                    bssCOMRAM    00004F
_DisplayAlphaNumeric                         text5        0017B4
_DistTravelCntr                              bssCOMRAM    000039
_EEADR                                       (abs)        000FA9
_EECON1bits                                  (abs)        000FA6
_EECON2                                      (abs)        000FA7
_EEDATA                                      (abs)        000FA8
_EEPROMaddr                                  bssCOMRAM    000050
_EepromManage                                text11       00146C
_Eeprom_Read_Block                           text34       00142A
_Eeprom_Write_Block                          text21       0012C8
_GetAvgSpeed                                 text18       00102C
_GetDistance                                 text17       00176E
_GetKeyStatus                                text16       001600
_HWI_4Digit_WRITE                            text28       0015A0
_HWI_8Digit_WRITE                            text27       0016FC
_HWI_DIGITAL_INITIALIZE                      text30       00173E
_HWI_DIGI_READ                               text10       001528
_HWI_INTERRUPTS_INTITALIZE                   text29       0014EA
_HWIeeprom_Read                              text35       0016AE
_HWIeeprom_Write                             text12       0015D2
_HWtimerCallback                             text39       00179A
_HWtimerCount                                bssCOMRAM    00003D
_HwTimerOVFLcount                            bssCOMRAM    00004A
_INT0IF                                      (abs)        007F91
_INT1IF                                      (abs)        007F80
_INTCON                                      (abs)        000FF2
_INTCON2bits                                 (abs)        000FF1
_INTCON3                                     (abs)        000FF0
_INTCONbits                                  (abs)        000FF2
_ISR                                         intcode      000008
_IncrementDecrementSingleDigit               text15       000C1A
_KeyArrayConfig                              smallconst   00061B
_KeyInternalData                             bssCOMRAM    00005B
_LATC                                        (abs)        000F8B
_LATD                                        (abs)        000F8C
_LapCounter                                  bssCOMRAM    00004C
_LapDistanceCounter                          bssCOMRAM    000041
_LapTimeTenthMilli                           bssCOMRAM    00003F
_LineBlinkIndex                              bssCOMRAM    000056
_ManageApplication                           text6        0017BA
_ManageDrivers                               text4        001722
_ManageSpeedCalc                             text7        0017C0
_MangeKeys                                   text9        000640
_NotifyFlag                                  bssCOMRAM    00004D
_PORTBbits                                   (abs)        000F81
_PORTC                                       (abs)        000F82
_PORTD                                       (abs)        000F83
_ReloadHWtimer                               text42       001564
_RunScheduler                                text3        00114E
_SchedulerTick                               text37       00165C
_Segment7ASCIItable                          smallconst   000601
_SensorOneNotify                             text44       001758
_SensorTwoNotify                             text41       00162E
_SetCircumfirunce                            text14       001790
_SevenSegmentMAP                             smallconst   000633
_SpeedCalcManage                             text8        0010BE
_SpeedCalcNotifyInitialize                   text2        0017DA
_Start_App                                   text1        00125C
_T0CON                                       (abs)        000FD5
_T1CON                                       (abs)        000FCD
_T3CON                                       (abs)        000FB1
_TMR0IE                                      (abs)        007F95
_TMR0IF                                      (abs)        007F92
_TMR0L                                       (abs)        000FD6
_TMR1                                        (abs)        000FCE
_TMR1IE                                      (abs)        007CE8
_TMR1IF                                      (abs)        007CF0
_TMR2IF                                      (abs)        007CF1
_TMR3H                                       (abs)        000FB3
_TMR3IE                                      (abs)        007D01
_TMR3IF                                      (abs)        007D09
_TMR3L                                       (abs)        000FB2
_TRISBbits                                   (abs)        000F93
_TRISC                                       (abs)        000F94
_TRISD                                       (abs)        000F95
_TimerOVFLcount                              bssCOMRAM    00004B
_WriteFlag                                   bssCOMRAM    00005A
_WriteFnCallback                             bssCOMRAM    000043
_WriteRequest                                bssCOMRAM    000051
__CFG_BOREN$SBORDIS                          (abs)        000000
__CFG_BORV$3                                 (abs)        000000
__CFG_CCP2MX$PORTC                           (abs)        000000
__CFG_CP0$OFF                                (abs)        000000
__CFG_CP1$OFF                                (abs)        000000
__CFG_CP2$OFF                                (abs)        000000
__CFG_CP3$OFF                                (abs)        000000
__CFG_CPB$OFF                                (abs)        000000
__CFG_CPD$OFF                                (abs)        000000
__CFG_EBTR0$OFF                              (abs)        000000
__CFG_EBTR1$OFF                              (abs)        000000
__CFG_EBTR2$OFF                              (abs)        000000
__CFG_EBTR3$OFF                              (abs)        000000
__CFG_EBTRB$OFF                              (abs)        000000
__CFG_FCMEN$OFF                              (abs)        000000
__CFG_IESO$OFF                               (abs)        000000
__CFG_LPT1OSC$OFF                            (abs)        000000
__CFG_LVP$ON                                 (abs)        000000
__CFG_MCLRE$OFF                              (abs)        000000
__CFG_OSC$XT                                 (abs)        000000
__CFG_PBADEN$OFF                             (abs)        000000
__CFG_PWRT$OFF                               (abs)        000000
__CFG_STVREN$ON                              (abs)        000000
__CFG_WDT$OFF                                (abs)        000000
__CFG_WDTPS$32768                            (abs)        000000
__CFG_WRT0$OFF                               (abs)        000000
__CFG_WRT1$OFF                               (abs)        000000
__CFG_WRT2$OFF                               (abs)        000000
__CFG_WRT3$OFF                               (abs)        000000
__CFG_WRTB$OFF                               (abs)        000000
__CFG_WRTC$OFF                               (abs)        000000
__CFG_WRTD$OFF                               (abs)        000000
__CFG_XINST$OFF                              (abs)        000000
__HRAM                                       (abs)        000000
__Habs1                                      abs1         000000
__Hbank0                                     bank0        000000
__Hbank1                                     bank1        000000
__Hbank2                                     bank2        000000
__Hbank3                                     bank3        000000
__Hbank4                                     bank4        000000
__Hbank5                                     bank5        000000
__Hbigbss                                    bigbss       000000
__Hbigdata                                   bigdata      000000
__Hbigram                                    bigram       000000
__Hbss                                       bss          000000
__HbssBANK0                                  bssBANK0     000000
__HbssCOMRAM                                 bssCOMRAM    000000
__Hcinit                                     cinit        000000
__Hclrtext                                   clrtext      000000
__Hcomram                                    comram       000000
__Hconfig                                    config       30000E
__Hconst                                     const        000000
__HcstackBANK0                               cstackBANK0  000000
__HcstackCOMRAM                              cstackCOMRAM 000000
__Hdata                                      data         000000
__HdataCOMRAM                                dataCOMRAM   000000
__Heeprom_data                               eeprom_data  000000
__Hfarbss                                    farbss       000000
__Hfardata                                   fardata      000000
__Hibigdata                                  ibigdata     000000
__Hidata                                     idata        000000
__HidataCOMRAM                               idataCOMRAM  000000
__Hidloc                                     idloc        200008
__Hifardata                                  ifardata     000000
__Hinit                                      init         000012
__Hintcode                                   intcode      00000E
__Hintcode_body                              intcode_body 000000
__Hintcodelo                                 intcodelo    00000E
__Hintentry                                  intentry     000000
__Hintret                                    intret       000000
__Hintsave_regs                              intsave_regs 000000
__Hirdata                                    irdata       000000
__Hmediumconst                               mediumconst  000000
__HnvFARRAM                                  nvFARRAM     000000
__Hnvbit                                     nvbit        000000
__Hnvrram                                    nvrram       000000
__Hparam                                     rparam       000000
__Hpowerup                                   powerup      00000E
__Hram                                       ram          000000
__Hramtop                                    ramtop       000600
__Hrbit                                      rbit         000000
__Hrbss                                      rbss         000000
__Hrdata                                     rdata        000000
__Hreset_vec                                 reset_vec    000004
__Hrparam                                    rparam       000000
__Hsfr                                       sfr          000000
__Hsmallconst                                smallconst   000640
__Hspace_0                                   (abs)        30000E
__Hspace_1                                   (abs)        0000DA
__Hspace_2                                   (abs)        000000
__Hstack                                     stack        000000
__Hstruct                                    struct       000000
__Htemp                                      temp         000069
__Htext                                      text         000000
__Htext0                                     text0        000000
__Htext1                                     text1        000000
__Htext10                                    text10       000000
__Htext11                                    text11       000000
__Htext12                                    text12       000000
__Htext13                                    text13       000000
__Htext14                                    text14       000000
__Htext15                                    text15       000000
__Htext16                                    text16       000000
__Htext17                                    text17       000000
__Htext18                                    text18       000000
__Htext19                                    text19       000000
__Htext2                                     text2        000000
__Htext20                                    text20       000000
__Htext21                                    text21       000000
__Htext22                                    text22       000000
__Htext23                                    text23       000000
__Htext24                                    text24       000000
__Htext25                                    text25       000000
__Htext26                                    text26       000000
__Htext27                                    text27       000000
__Htext28                                    text28       000000
__Htext29                                    text29       000000
__Htext3                                     text3        000000
__Htext30                                    text30       000000
__Htext31                                    text31       000000
__Htext32                                    text32       000000
__Htext33                                    text33       000000
__Htext34                                    text34       000000
__Htext35                                    text35       000000
__Htext37                                    text37       000000
__Htext38                                    text38       000000
__Htext39                                    text39       000000
__Htext4                                     text4        000000
__Htext40                                    text40       000000
__Htext41                                    text41       000000
__Htext42                                    text42       000000
__Htext43                                    text43       000000
__Htext44                                    text44       000000
__Htext45                                    text45       000000
__Htext5                                     text5        000000
__Htext6                                     text6        000000
__Htext7                                     text7        000000
__Htext8                                     text8        000000
__Htext9                                     text9        000000
__LRAM                                       (abs)        000001
__Labs1                                      abs1         000000
__Lbank0                                     bank0        000000
__Lbank1                                     bank1        000000
__Lbank2                                     bank2        000000
__Lbank3                                     bank3        000000
__Lbank4                                     bank4        000000
__Lbank5                                     bank5        000000
__Lbigbss                                    bigbss       000000
__Lbigdata                                   bigdata      000000
__Lbigram                                    bigram       000000
__Lbss                                       bss          000000
__LbssBANK0                                  bssBANK0     000000
__LbssCOMRAM                                 bssCOMRAM    000000
__Lcinit                                     cinit        000000
__Lclrtext                                   clrtext      000000
__Lcomram                                    comram       000000
__Lconfig                                    config       300000
__Lconst                                     const        000000
__LcstackBANK0                               cstackBANK0  000000
__LcstackCOMRAM                              cstackCOMRAM 000000
__Ldata                                      data         000000
__LdataCOMRAM                                dataCOMRAM   000000
__Leeprom_data                               eeprom_data  000000
__Lfarbss                                    farbss       000000
__Lfardata                                   fardata      000000
__Libigdata                                  ibigdata     000000
__Lidata                                     idata        000000
__LidataCOMRAM                               idataCOMRAM  000000
__Lidloc                                     idloc        200000
__Lifardata                                  ifardata     000000
__Linit                                      init         00000E
__Lintcode                                   intcode      000008
__Lintcode_body                              intcode_body 000000
__Lintcodelo                                 intcodelo    00000E
__Lintentry                                  intentry     000000
__Lintret                                    intret       000000
__Lintsave_regs                              intsave_regs 000000
__Lirdata                                    irdata       000000
__Lmediumconst                               mediumconst  000000
__LnvFARRAM                                  nvFARRAM     000000
__Lnvbit                                     nvbit        000000
__Lnvrram                                    nvrram       000000
__Lparam                                     rparam       000000
__Lpowerup                                   powerup      00000E
__Lram                                       ram          000000
__Lramtop                                    ramtop       000600
__Lrbit                                      rbit         000000
__Lrbss                                      rbss         000000
__Lrdata                                     rdata        000000
__Lreset_vec                                 reset_vec    000000
__Lrparam                                    rparam       000000
__Lsfr                                       sfr          000000
__Lsmallconst                                smallconst   000600
__Lspace_0                                   (abs)        000000
__Lspace_1                                   (abs)        000000
__Lspace_2                                   (abs)        000000
__Lstack                                     stack        000000
__Lstruct                                    struct       000000
__Ltemp                                      temp         000068
__Ltext                                      text         000000
__Ltext0                                     text0        000000
__Ltext1                                     text1        000000
__Ltext10                                    text10       000000
__Ltext11                                    text11       000000
__Ltext12                                    text12       000000
__Ltext13                                    text13       000000
__Ltext14                                    text14       000000
__Ltext15                                    text15       000000
__Ltext16                                    text16       000000
__Ltext17                                    text17       000000
__Ltext18                                    text18       000000
__Ltext19                                    text19       000000
__Ltext2                                     text2        000000
__Ltext20                                    text20       000000
__Ltext21                                    text21       000000
__Ltext22                                    text22       000000
__Ltext23                                    text23       000000
__Ltext24                                    text24       000000
__Ltext25                                    text25       000000
__Ltext26                                    text26       000000
__Ltext27                                    text27       000000
__Ltext28                                    text28       000000
__Ltext29                                    text29       000000
__Ltext3                                     text3        000000
__Ltext30                                    text30       000000
__Ltext31                                    text31       000000
__Ltext32                                    text32       000000
__Ltext33                                    text33       000000
__Ltext34                                    text34       000000
__Ltext35                                    text35       000000
__Ltext37                                    text37       000000
__Ltext38                                    text38       000000
__Ltext39                                    text39       000000
__Ltext4                                     text4        000000
__Ltext40                                    text40       000000
__Ltext41                                    text41       000000
__Ltext42                                    text42       000000
__Ltext43                                    text43       000000
__Ltext44                                    text44       000000
__Ltext45                                    text45       000000
__Ltext5                                     text5        000000
__Ltext6                                     text6        000000
__Ltext7                                     text7        000000
__Ltext8                                     text8        000000
__Ltext9                                     text9        000000
__S0                                         (abs)        30000E
__S1                                         (abs)        0000DA
__S2                                         (abs)        000000
___inthi_sp                                  stack        000000
___intlo_sp                                  stack        000000
___lldiv                                     text20       0011DA
___lldiv@counter                             cstackCOMRAM 00002C
___lldiv@dividend                            cstackCOMRAM 000020
___lldiv@divisor                             cstackCOMRAM 000024
___lldiv@quotient                            cstackCOMRAM 000028
___lmul                                      text19       001382
___lmul@multiplicand                         cstackCOMRAM 000018
___lmul@multiplier                           cstackCOMRAM 000014
___lmul@product                              cstackCOMRAM 00001C
___lwdiv                                     text25       0013D8
___lwdiv@counter                             cstackCOMRAM 000018
___lwdiv@dividend                            cstackCOMRAM 000014
___lwdiv@divisor                             cstackCOMRAM 000016
___lwdiv@quotient                            cstackCOMRAM 000019
___param_bank                                (abs)        000000
___rparam_used                               (abs)        000001
___sp                                        stack        000000
___wmul                                      text24       0016D6
___wmul@multiplicand                         cstackCOMRAM 000016
___wmul@multiplier                           cstackCOMRAM 000014
___wmul@product                              cstackCOMRAM 000018
__accesstop                                  (abs)        000080
__activetblptr                               (abs)        000002
__end_of_APP_INITIALIZE                      text33       0016AE
__end_of_APP_ISR1                            text43       0017D8
__end_of_APP_ISR2                            text40       0017D2
__end_of_APP_ISR3                            text38       0017CC
__end_of_APP_MANAGE                          text13       000C1A
__end_of_BCDInitialize                       text32       0017B4
__end_of_BCDManage7segment                   text26       00102C
__end_of_BCDsendNumber                       text23       000ECE
__end_of_BlinkDigit                          text22       001790
__end_of_CreateTask                          text31       001382
__end_of_DisplayAlphaNumeric                 text5        0017BA
__end_of_EepromManage                        text11       0014AC
__end_of_Eeprom_Read_Block                   text34       00146C
__end_of_Eeprom_Write_Block                  text21       00132A
__end_of_GetAvgSpeed                         text18       0010BE
__end_of_GetDistance                         text17       001780
__end_of_GetKeyStatus                        text16       00162E
__end_of_HWI_4Digit_WRITE                    text28       0015D2
__end_of_HWI_8Digit_WRITE                    text27       001722
__end_of_HWI_DIGITAL_INITIALIZE              text30       001758
__end_of_HWI_DIGI_READ                       text10       001564
__end_of_HWI_INTERRUPTS_INTITALIZE           text29       001528
__end_of_HWIeeprom_Read                      text35       0016D6
__end_of_HWIeeprom_Write                     text12       001600
__end_of_HWtimerCallback                     text39       0017A4
__end_of_ISR                                 intcode_body 000F8A
__end_of_IncrementDecrementSingleDigit       text15       000D96
__end_of_KeyArrayConfig                      smallconst   000633
__end_of_ManageApplication                   text6        0017C0
__end_of_ManageDrivers                       text4        00173E
__end_of_ManageSpeedCalc                     text7        0017C6
__end_of_MangeKeys                           text9        000A6E
__end_of_ReloadHWtimer                       text42       0015A0
__end_of_RunScheduler                        text3        0011DA
__end_of_SchedulerTick                       text37       001686
__end_of_Segment7ASCIItable                  smallconst   00061B
__end_of_SensorOneNotify                     text44       00176E
__end_of_SensorTwoNotify                     text41       00165C
__end_of_SetCircumfirunce                    text14       00179A
__end_of_SevenSegmentMAP                     smallconst   00063E
__end_of_SpeedCalcManage                     text8        00114E
__end_of_SpeedCalcNotifyInitialize           text2        0017DC
__end_of_Start_App                           text1        0012C8
__end_of___lldiv                             text20       00125C
__end_of___lmul                              text19       0013D8
__end_of___lwdiv                             text25       00142A
__end_of___wmul                              text24       0016FC
__end_of__initialization                     cinit        0014DC
__end_of_main                                text0        0017AC
__initialization                             cinit        0014AC
__mediumconst                                mediumconst  000000
__pbssBANK0                                  bssBANK0     000080
__pbssCOMRAM                                 bssCOMRAM    000039
__pcinit                                     cinit        0014AC
__pcstackBANK0                               cstackBANK0  0000D2
__pcstackCOMRAM                              cstackCOMRAM 000001
__pdataCOMRAM                                dataCOMRAM   000066
__pidataCOMRAM                               idataCOMRAM  0017D8
__pintcode                                   intcode      000008
__pintcode_body                              intcode_body 000ECE
__psmallconst                                smallconst   000600
__ptext0                                     text0        0017A4
__ptext1                                     text1        00125C
__ptext10                                    text10       001528
__ptext11                                    text11       00146C
__ptext12                                    text12       0015D2
__ptext13                                    text13       000A6E
__ptext14                                    text14       001790
__ptext15                                    text15       000C1A
__ptext16                                    text16       001600
__ptext17                                    text17       00176E
__ptext18                                    text18       00102C
__ptext19                                    text19       001382
__ptext2                                     text2        0017DA
__ptext20                                    text20       0011DA
__ptext21                                    text21       0012C8
__ptext22                                    text22       001780
__ptext23                                    text23       000D96
__ptext24                                    text24       0016D6
__ptext25                                    text25       0013D8
__ptext26                                    text26       000F8A
__ptext27                                    text27       0016FC
__ptext28                                    text28       0015A0
__ptext29                                    text29       0014EA
__ptext3                                     text3        00114E
__ptext30                                    text30       00173E
__ptext31                                    text31       00132A
__ptext32                                    text32       0017AC
__ptext33                                    text33       001686
__ptext34                                    text34       00142A
__ptext35                                    text35       0016AE
__ptext37                                    text37       00165C
__ptext38                                    text38       0017C6
__ptext39                                    text39       00179A
__ptext4                                     text4        001722
__ptext40                                    text40       0017CC
__ptext41                                    text41       00162E
__ptext42                                    text42       001564
__ptext43                                    text43       0017D2
__ptext44                                    text44       001758
__ptext45                                    text45       000000
__ptext5                                     text5        0017B4
__ptext6                                     text6        0017BA
__ptext7                                     text7        0017C0
__ptext8                                     text8        0010BE
__ptext9                                     text9        000640
__ramtop                                     ramtop       000600
__size_of_APP_INITIALIZE                     (abs)        000000
__size_of_APP_ISR1                           (abs)        000000
__size_of_APP_ISR2                           (abs)        000000
__size_of_APP_ISR3                           (abs)        000000
__size_of_APP_MANAGE                         (abs)        000000
__size_of_BCDInitialize                      (abs)        000000
__size_of_BCDManage7segment                  (abs)        000000
__size_of_BCDsendNumber                      (abs)        000000
__size_of_BlinkDigit                         (abs)        000000
__size_of_CreateTask                         (abs)        000000
__size_of_DisplayAlphaNumeric                (abs)        000000
__size_of_EepromManage                       (abs)        000000
__size_of_Eeprom_Read_Block                  (abs)        000000
__size_of_Eeprom_Write_Block                 (abs)        000000
__size_of_GetAvgSpeed                        (abs)        000000
__size_of_GetDistance                        (abs)        000000
__size_of_GetKeyStatus                       (abs)        000000
__size_of_HWI_4Digit_WRITE                   (abs)        000000
__size_of_HWI_8Digit_WRITE                   (abs)        000000
__size_of_HWI_DIGITAL_INITIALIZE             (abs)        000000
__size_of_HWI_DIGI_READ                      (abs)        000000
__size_of_HWI_INTERRUPTS_INTITALIZE          (abs)        000000
__size_of_HWIeeprom_Read                     (abs)        000000
__size_of_HWIeeprom_Write                    (abs)        000000
__size_of_HWtimerCallback                    (abs)        000000
__size_of_ISR                                (abs)        000000
__size_of_IncrementDecrementSingleDigit      (abs)        000000
__size_of_ManageApplication                  (abs)        000000
__size_of_ManageDrivers                      (abs)        000000
__size_of_ManageSpeedCalc                    (abs)        000000
__size_of_MangeKeys                          (abs)        000000
__size_of_ReloadHWtimer                      (abs)        000000
__size_of_RunScheduler                       (abs)        000000
__size_of_SchedulerTick                      (abs)        000000
__size_of_SensorOneNotify                    (abs)        000000
__size_of_SensorTwoNotify                    (abs)        000000
__size_of_SetCircumfirunce                   (abs)        000000
__size_of_SpeedCalcManage                    (abs)        000000
__size_of_SpeedCalcNotifyInitialize          (abs)        000000
__size_of_Start_App                          (abs)        000000
__size_of___lldiv                            (abs)        000000
__size_of___lmul                             (abs)        000000
__size_of___lwdiv                            (abs)        000000
__size_of___wmul                             (abs)        000000
__size_of_main                               (abs)        000000
__smallconst                                 smallconst   000600
_bIsAnodeUsed                                bssCOMRAM    000059
_main                                        text0        0017A4
btemp                                        temp         000068
end_of_initialization                        cinit        0014DC
int$flags                                    temp         000068
int_func                                     intcode_body 000ECE
intlevel0                                    text         000000
intlevel1                                    text         000000
intlevel2                                    text         000000
intlevel3                                    text         000000
stackhi                                      (abs)        0005FF
stacklo                                      (abs)        0000DA
start                                        init         00000E
start_initialization                         cinit        0014AC


FUNCTION INFORMATION:

 *************** function _main *****************
 Defined at:
		line 78 in file "main.c"
 Parameters:    Size  Location     Type
		None
 Auto vars:     Size  Location     Type
		None
 Return value:  Size  Location     Type
                  1    wreg      void 
 Registers used:
		wreg, fsr1l, fsr1h, fsr2l, fsr2h, status,2, status,0, pclath, tosl, tblptrl, tblptrh, tblptru, prodl, prodh, cstack
 Tracked objects:
		On entry : 
		On exit  : 
		Unchanged: 
 Data sizes:     COMRAM   BANK0   BANK1   BANK2   BANK3   BANK4   BANK5
      Params:         0       0       0       0       0       0       0
      Locals:         0       0       0       0       0       0       0
      Temps:          0       0       0       0       0       0       0
      Totals:         0       0       0       0       0       0       0
Total ram usage:        0 bytes
 Hardware stack levels required when called:   10
 This function calls:
		_Start_App
 This function is called by:
		Startup code after reset
 This function uses a non-reentrant model


 *************** function _Start_App *****************
 Defined at:
		line 21 in file "../../../../OS/OS_manage/OS_manage.c"
 Parameters:    Size  Location     Type
		None
 Auto vars:     Size  Location     Type
		None
 Return value:  Size  Location     Type
                  1    wreg      void 
 Registers used:
		wreg, fsr1l, fsr1h, fsr2l, fsr2h, status,2, status,0, pclath, tosl, tblptrl, tblptrh, tblptru, prodl, prodh, cstack
 Tracked objects:
		On entry : 
		On exit  : 
		Unchanged: 
 Data sizes:     COMRAM   BANK0   BANK1   BANK2   BANK3   BANK4   BANK5
      Params:         0       0       0       0       0       0       0
      Locals:         0       0       0       0       0       0       0
      Temps:          0       0       0       0       0       0       0
      Totals:         0       0       0       0       0       0       0
Total ram usage:        0 bytes
 Hardware stack levels used:    1
 Hardware stack levels required when called:    9
 This function calls:
		_APP_INITIALIZE
		_BCDInitialize
		_CreateTask
		_HWI_DIGITAL_INITIALIZE
		_HWI_INTERRUPTS_INTITALIZE
		_RunScheduler
		_SpeedCalcNotifyInitialize
 This function is called by:
		_main
 This function uses a non-reentrant model


 *************** function _SpeedCalcNotifyInitialize *****************
 Defined at:
		line 24 in file "../../../../Common/Driver/SpeedCalc/SpeedCalc.c"
 Parameters:    Size  Location     Type
		None
 Auto vars:     Size  Location     Type
		None
 Return value:  Size  Location     Type
                  1    wreg      void 
 Registers used:
		None
 Tracked objects:
		On entry : 
		On exit  : 
		Unchanged: 
 Data sizes:     COMRAM   BANK0   BANK1   BANK2   BANK3   BANK4   BANK5
      Params:         0       0       0       0       0       0       0
      Locals:         0       0       0       0       0       0       0
      Temps:          0       0       0       0       0       0       0
      Totals:         0       0       0       0       0       0       0
Total ram usage:        0 bytes
 Hardware stack levels used:    1
 Hardware stack levels required when called:    4
 This function calls:
		Nothing
 This function is called by:
		_Start_App
 This function uses a non-reentrant model


 *************** function _RunScheduler *****************
 Defined at:
		line 25 in file "../../../../OS/Scheduler/Scheduler.c"
 Parameters:    Size  Location     Type
		None
 Auto vars:     Size  Location     Type
		None
 Return value:  Size  Location     Type
                  1    wreg      void 
 Registers used:
		wreg, fsr1l, fsr1h, fsr2l, fsr2h, status,2, status,0, pclath, tosl, tblptrl, tblptrh, tblptru, prodl, prodh, cstack
 Tracked objects:
		On entry : 
		On exit  : 
		Unchanged: 
 Data sizes:     COMRAM   BANK0   BANK1   BANK2   BANK3   BANK4   BANK5
      Params:         0       0       0       0       0       0       0
      Locals:         0       0       0       0       0       0       0
      Temps:          2       0       0       0       0       0       0
      Totals:         2       0       0       0       0       0       0
Total ram usage:        2 bytes
 Hardware stack levels used:    1
 Hardware stack levels required when called:    8
 This function calls:
		_DisplayAlphaNumeric
		_ManageApplication
		_ManageDrivers
		_ManageSpeedCalc
 This function is called by:
		_Start_App
 This function uses a non-reentrant model


 *************** function _ManageDrivers *****************
 Defined at:
		line 54 in file "../../../../OS/OS_manage/OS_manage.c"
 Parameters:    Size  Location     Type
		None
 Auto vars:     Size  Location     Type
  LoopIndex       1   26[COMRAM] unsigned char 
 Return value:  Size  Location     Type
                  1    wreg      void 
 Registers used:
		wreg, fsr2l, fsr2h, status,2, status,0, tblptrl, tblptrh, tblptru, prodl, prodh, cstack
 Tracked objects:
		On entry : 
		On exit  : 
		Unchanged: 
 Data sizes:     COMRAM   BANK0   BANK1   BANK2   BANK3   BANK4   BANK5
      Params:         0       0       0       0       0       0       0
      Locals:         1       0       0       0       0       0       0
      Temps:          0       0       0       0       0       0       0
      Totals:         1       0       0       0       0       0       0
Total ram usage:        1 bytes
 Hardware stack levels used:    1
 Hardware stack levels required when called:    6
 This function calls:
		_EepromManage
		_MangeKeys
 This function is called by:
		_Start_App
		_RunScheduler
 This function uses a non-reentrant model


 *************** function _DisplayAlphaNumeric *****************
 Defined at:
		line 41 in file "../../../../OS/OS_manage/OS_manage.c"
 Parameters:    Size  Location     Type
		None
 Auto vars:     Size  Location     Type
		None
 Return value:  Size  Location     Type
                  1    wreg      void 
 Registers used:
		wreg, fsr2l, fsr2h, status,2, status,0, prodl, prodh, cstack
 Tracked objects:
		On entry : 
		On exit  : 
		Unchanged: 
 Data sizes:     COMRAM   BANK0   BANK1   BANK2   BANK3   BANK4   BANK5
      Params:         0       0       0       0       0       0       0
      Locals:         0       0       0       0       0       0       0
      Temps:          0       0       0       0       0       0       0
      Totals:         0       0       0       0       0       0       0
Total ram usage:        0 bytes
 Hardware stack levels used:    1
 Hardware stack levels required when called:    6
 This function calls:
		_BCDManage7segment
 This function is called by:
		_Start_App
		_RunScheduler
 This function uses a non-reentrant model


 *************** function _ManageApplication *****************
 Defined at:
		line 45 in file "../../../../OS/OS_manage/OS_manage.c"
 Parameters:    Size  Location     Type
		None
 Auto vars:     Size  Location     Type
		None
 Return value:  Size  Location     Type
                  1    wreg      void 
 Registers used:
		wreg, fsr1l, fsr1h, fsr2l, fsr2h, status,2, status,0, tblptrl, tblptrh, tblptru, prodl, prodh, cstack
 Tracked objects:
		On entry : 
		On exit  : 
		Unchanged: 
 Data sizes:     COMRAM   BANK0   BANK1   BANK2   BANK3   BANK4   BANK5
      Params:         0       0       0       0       0       0       0
      Locals:         0       0       0       0       0       0       0
      Temps:          0       0       0       0       0       0       0
      Totals:         0       0       0       0       0       0       0
Total ram usage:        0 bytes
 Hardware stack levels used:    1
 Hardware stack levels required when called:    7
 This function calls:
		_APP_MANAGE
 This function is called by:
		_Start_App
		_RunScheduler
 This function uses a non-reentrant model


 *************** function _ManageSpeedCalc *****************
 Defined at:
		line 49 in file "../../../../OS/OS_manage/OS_manage.c"
 Parameters:    Size  Location     Type
		None
 Auto vars:     Size  Location     Type
		None
 Return value:  Size  Location     Type
                  1    wreg      void 
 Registers used:
		wreg, status,2, status,0, prodl, prodh, cstack
 Tracked objects:
		On entry : 
		On exit  : 
		Unchanged: 
 Data sizes:     COMRAM   BANK0   BANK1   BANK2   BANK3   BANK4   BANK5
      Params:         0       0       0       0       0       0       0
      Locals:         0       0       0       0       0       0       0
      Temps:          0       0       0       0       0       0       0
      Totals:         0       0       0       0       0       0       0
Total ram usage:        0 bytes
 Hardware stack levels used:    1
 Hardware stack levels required when called:    6
 This function calls:
		_SpeedCalcManage
 This function is called by:
		_Start_App
		_RunScheduler
 This function uses a non-reentrant model


 *************** function _SpeedCalcManage *****************
 Defined at:
		line 63 in file "../../../../Common/Driver/SpeedCalc/SpeedCalc.c"
 Parameters:    Size  Location     Type
		None
 Auto vars:     Size  Location     Type
  HundredMeter    2   46[COMRAM] unsigned short 
 Return value:  Size  Location     Type
                  1    wreg      void 
 Registers used:
		wreg, status,2, status,0, prodl, prodh, cstack
 Tracked objects:
		On entry : 
		On exit  : 
		Unchanged: 
 Data sizes:     COMRAM   BANK0   BANK1   BANK2   BANK3   BANK4   BANK5
      Params:         0       0       0       0       0       0       0
      Locals:         2       0       0       0       0       0       0
      Temps:          2       0       0       0       0       0       0
      Totals:         4       0       0       0       0       0       0
Total ram usage:        4 bytes
 Hardware stack levels used:    1
 Hardware stack levels required when called:    5
 This function calls:
		___lldiv
		___lwdiv
		___wmul
 This function is called by:
		_ManageSpeedCalc
 This function uses a non-reentrant model


 *************** function _MangeKeys *****************
 Defined at:
		line 29 in file "../../../../Common/Driver/Key/Key.c"
 Parameters:    Size  Location     Type
  KeyID           1    wreg     unsigned char 
 Auto vars:     Size  Location     Type
  KeyID           1   25[COMRAM] unsigned char 
  HWIreading      1   24[COMRAM] unsigned char 
  KeyState        1   23[COMRAM] unsigned char 
 Return value:  Size  Location     Type
                  1    wreg      void 
 Registers used:
		wreg, fsr2l, fsr2h, status,2, status,0, tblptrl, tblptrh, tblptru, prodl, prodh, cstack
 Tracked objects:
		On entry : 
		On exit  : 
		Unchanged: 
 Data sizes:     COMRAM   BANK0   BANK1   BANK2   BANK3   BANK4   BANK5
      Params:         0       0       0       0       0       0       0
      Locals:         3       0       0       0       0       0       0
      Temps:          2       0       0       0       0       0       0
      Totals:         5       0       0       0       0       0       0
Total ram usage:        5 bytes
 Hardware stack levels used:    1
 Hardware stack levels required when called:    5
 This function calls:
		_HWI_DIGI_READ
 This function is called by:
		_ManageDrivers
 This function uses a non-reentrant model


 *************** function _HWI_DIGI_READ *****************
 Defined at:
		line 92 in file "../../HWIsource/HWI_DIGITAL.c"
 Parameters:    Size  Location     Type
  pin             1    wreg     unsigned char 
 Auto vars:     Size  Location     Type
  pin             1   19[COMRAM] unsigned char 
  HWIread         1   20[COMRAM] unsigned char 
 Return value:  Size  Location     Type
                  1    wreg      unsigned char 
 Registers used:
		wreg, status,2, status,0
 Tracked objects:
		On entry : 
		On exit  : 
		Unchanged: 
 Data sizes:     COMRAM   BANK0   BANK1   BANK2   BANK3   BANK4   BANK5
      Params:         0       0       0       0       0       0       0
      Locals:         2       0       0       0       0       0       0
      Temps:          0       0       0       0       0       0       0
      Totals:         2       0       0       0       0       0       0
Total ram usage:        2 bytes
 Hardware stack levels used:    1
 Hardware stack levels required when called:    4
 This function calls:
		Nothing
 This function is called by:
		_MangeKeys
 This function uses a non-reentrant model


 *************** function _EepromManage *****************
 Defined at:
		line 74 in file "../../../../Common/Driver/EEPROM/Eeprom.c"
 Parameters:    Size  Location     Type
		None
 Auto vars:     Size  Location     Type
  WriteSuccess    1   22[COMRAM] unsigned char 
 Return value:  Size  Location     Type
                  1    wreg      void 
 Registers used:
		wreg, fsr2l, fsr2h, status,2, status,0, prodl, prodh, cstack
 Tracked objects:
		On entry : 
		On exit  : 
		Unchanged: 
 Data sizes:     COMRAM   BANK0   BANK1   BANK2   BANK3   BANK4   BANK5
      Params:         0       0       0       0       0       0       0
      Locals:         1       0       0       0       0       0       0
      Temps:          0       0       0       0       0       0       0
      Totals:         1       0       0       0       0       0       0
Total ram usage:        1 bytes
 Hardware stack levels used:    1
 Hardware stack levels required when called:    5
 This function calls:
		_HWIeeprom_Write
 This function is called by:
		_ManageDrivers
 This function uses a non-reentrant model


 *************** function _HWIeeprom_Write *****************
 Defined at:
		line 6 in file "../../HWIeeprom/HWIeeprom.c"
 Parameters:    Size  Location     Type
  address         1    wreg     unsigned char 
  Data            1   19[COMRAM] unsigned char 
 Auto vars:     Size  Location     Type
  address         1   20[COMRAM] unsigned char 
  WriteSuccess    1   21[COMRAM] unsigned char 
 Return value:  Size  Location     Type
                  1    wreg      unsigned char 
 Registers used:
		wreg, status,2
 Tracked objects:
		On entry : 
		On exit  : 
		Unchanged: 
 Data sizes:     COMRAM   BANK0   BANK1   BANK2   BANK3   BANK4   BANK5
      Params:         1       0       0       0       0       0       0
      Locals:         2       0       0       0       0       0       0
      Temps:          0       0       0       0       0       0       0
      Totals:         3       0       0       0       0       0       0
Total ram usage:        3 bytes
 Hardware stack levels used:    1
 Hardware stack levels required when called:    4
 This function calls:
		Nothing
 This function is called by:
		_EepromManage
 This function uses a non-reentrant model


 *************** function _APP_MANAGE *****************
 Defined at:
		line 52 in file "../../../../Common/App/APP.c"
 Parameters:    Size  Location     Type
		None
 Auto vars:     Size  Location     Type
  TravelledDis    4    3[BANK0 ] unsigned long 
  AvgSpeedKph     2    0[BANK0 ] unsigned short 
  keystatus       1    7[BANK0 ] unsigned char 
  keystatus2      1    2[BANK0 ] unsigned char 
 Return value:  Size  Location     Type
                  1    wreg      void 
 Registers used:
		wreg, fsr1l, fsr1h, fsr2l, fsr2h, status,2, status,0, tblptrl, tblptrh, tblptru, prodl, prodh, cstack
 Tracked objects:
		On entry : 
		On exit  : 
		Unchanged: 
 Data sizes:     COMRAM   BANK0   BANK1   BANK2   BANK3   BANK4   BANK5
      Params:         0       0       0       0       0       0       0
      Locals:         0       8       0       0       0       0       0
      Temps:          1       0       0       0       0       0       0
      Totals:         1       8       0       0       0       0       0
Total ram usage:        9 bytes
 Hardware stack levels used:    1
 Hardware stack levels required when called:    6
 This function calls:
		_BCDsendNumber
		_BlinkDigit
		_Eeprom_Write_Block
		_GetAvgSpeed
		_GetDistance
		_GetKeyStatus
		_IncrementDecrementSingleDigit
		_SetCircumfirunce
		___lmul
 This function is called by:
		_ManageApplication
 This function uses a non-reentrant model


 *************** function _SetCircumfirunce *****************
 Defined at:
		line 99 in file "../../../../Common/Driver/SpeedCalc/SpeedCalc.c"
 Parameters:    Size  Location     Type
  Circum          2   19[COMRAM] unsigned short 
 Auto vars:     Size  Location     Type
		None
 Return value:  Size  Location     Type
                  1    wreg      void 
 Registers used:
		None
 Tracked objects:
		On entry : 
		On exit  : 
		Unchanged: 
 Data sizes:     COMRAM   BANK0   BANK1   BANK2   BANK3   BANK4   BANK5
      Params:         2       0       0       0       0       0       0
      Locals:         0       0       0       0       0       0       0
      Temps:          0       0       0       0       0       0       0
      Totals:         2       0       0       0       0       0       0
Total ram usage:        2 bytes
 Hardware stack levels used:    1
 Hardware stack levels required when called:    4
 This function calls:
		Nothing
 This function is called by:
		_APP_MANAGE
 This function uses a non-reentrant model


 *************** function _IncrementDecrementSingleDigit *****************
 Defined at:
		line 154 in file "../../../../Common/App/APP.c"
 Parameters:    Size  Location     Type
  Number          2   26[COMRAM] unsigned short 
  Index           1   28[COMRAM] unsigned char 
  bIsincrement    1   29[COMRAM] unsigned char 
 Auto vars:     Size  Location     Type
  Output          4   38[COMRAM] unsigned char [4]
  unitPosition    2   36[COMRAM] unsigned short 
  NumberReturn    2   33[COMRAM] unsigned short 
  Link            2   31[COMRAM] unsigned short 
  LoopIndex       1   42[COMRAM] unsigned char 
  PowIndex        1   35[COMRAM] unsigned char 
 Return value:  Size  Location     Type
                  2   26[COMRAM] unsigned short 
 Registers used:
		wreg, fsr2l, fsr2h, status,2, status,0, prodl, prodh, cstack
 Tracked objects:
		On entry : 
		On exit  : 
		Unchanged: 
 Data sizes:     COMRAM   BANK0   BANK1   BANK2   BANK3   BANK4   BANK5
      Params:         4       0       0       0       0       0       0
      Locals:        12       0       0       0       0       0       0
      Temps:          1       0       0       0       0       0       0
      Totals:        17       0       0       0       0       0       0
Total ram usage:       17 bytes
 Hardware stack levels used:    1
 Hardware stack levels required when called:    5
 This function calls:
		___lwdiv
		___wmul
 This function is called by:
		_APP_MANAGE
 This function uses a non-reentrant model


 *************** function _GetKeyStatus *****************
 Defined at:
		line 19 in file "../../../../Common/Driver/Key/Key.c"
 Parameters:    Size  Location     Type
  KeyID           1    wreg     unsigned char 
 Auto vars:     Size  Location     Type
  KeyID           1   20[COMRAM] unsigned char 
  KeyStatus       1   19[COMRAM] unsigned char 
 Return value:  Size  Location     Type
                  1    wreg      unsigned char 
 Registers used:
		wreg, fsr2l, fsr2h, status,2, status,0, prodl, prodh
 Tracked objects:
		On entry : 
		On exit  : 
		Unchanged: 
 Data sizes:     COMRAM   BANK0   BANK1   BANK2   BANK3   BANK4   BANK5
      Params:         0       0       0       0       0       0       0
      Locals:         2       0       0       0       0       0       0
      Temps:          0       0       0       0       0       0       0
      Totals:         2       0       0       0       0       0       0
Total ram usage:        2 bytes
 Hardware stack levels used:    1
 Hardware stack levels required when called:    4
 This function calls:
		Nothing
 This function is called by:
		_APP_MANAGE
 This function uses a non-reentrant model


 *************** function _GetDistance *****************
 Defined at:
		line 93 in file "../../../../Common/Driver/SpeedCalc/SpeedCalc.c"
 Parameters:    Size  Location     Type
		None
 Auto vars:     Size  Location     Type
		None
 Return value:  Size  Location     Type
                  4   19[COMRAM] unsigned long 
 Registers used:
		None
 Tracked objects:
		On entry : 
		On exit  : 
		Unchanged: 
 Data sizes:     COMRAM   BANK0   BANK1   BANK2   BANK3   BANK4   BANK5
      Params:         4       0       0       0       0       0       0
      Locals:         0       0       0       0       0       0       0
      Temps:          0       0       0       0       0       0       0
      Totals:         4       0       0       0       0       0       0
Total ram usage:        4 bytes
 Hardware stack levels used:    1
 Hardware stack levels required when called:    4
 This function calls:
		Nothing
 This function is called by:
		_APP_MANAGE
 This function uses a non-reentrant model


 *************** function _GetAvgSpeed *****************
 Defined at:
		line 105 in file "../../../../Common/Driver/SpeedCalc/SpeedCalc.c"
 Parameters:    Size  Location     Type
  bIsKph          1    wreg     unsigned char 
 Auto vars:     Size  Location     Type
  bIsKph          1   46[COMRAM] unsigned char 
  KphMphFactor    4   47[COMRAM] unsigned long 
  AvgSpeedKphM    2   51[COMRAM] unsigned short 
 Return value:  Size  Location     Type
                  2   44[COMRAM] unsigned short 
 Registers used:
		wreg, status,2, status,0, cstack
 Tracked objects:
		On entry : 
		On exit  : 
		Unchanged: 
 Data sizes:     COMRAM   BANK0   BANK1   BANK2   BANK3   BANK4   BANK5
      Params:         2       0       0       0       0       0       0
      Locals:         7       0       0       0       0       0       0
      Temps:          0       0       0       0       0       0       0
      Totals:         9       0       0       0       0       0       0
Total ram usage:        9 bytes
 Hardware stack levels used:    1
 Hardware stack levels required when called:    5
 This function calls:
		___lldiv
		___lmul
 This function is called by:
		_APP_MANAGE
 This function uses a non-reentrant model


 *************** function ___lmul *****************
 Defined at:
		line 15 in file "C:\Program Files\Microchip\xc8\v1.41\sources\common\Umul32.c"
 Parameters:    Size  Location     Type
  multiplier      4   19[COMRAM] unsigned long 
  multiplicand    4   23[COMRAM] unsigned long 
 Auto vars:     Size  Location     Type
  product         4   27[COMRAM] unsigned long 
 Return value:  Size  Location     Type
                  4   19[COMRAM] unsigned long 
 Registers used:
		wreg, status,2, status,0
 Tracked objects:
		On entry : 
		On exit  : 
		Unchanged: 
 Data sizes:     COMRAM   BANK0   BANK1   BANK2   BANK3   BANK4   BANK5
      Params:         8       0       0       0       0       0       0
      Locals:         4       0       0       0       0       0       0
      Temps:          0       0       0       0       0       0       0
      Totals:        12       0       0       0       0       0       0
Total ram usage:       12 bytes
 Hardware stack levels used:    1
 Hardware stack levels required when called:    4
 This function calls:
		Nothing
 This function is called by:
		_APP_MANAGE
		_GetAvgSpeed
 This function uses a non-reentrant model


 *************** function ___lldiv *****************
 Defined at:
[...]
		_Start_App
 This function uses a non-reentrant model


 *************** function _CreateTask *****************
 Defined at:
		line 6 in file "../../../../OS/Scheduler/Scheduler.c"
 Parameters:    Size  Location     Type
  MangeFunctio    2   19[COMRAM] PTR FTN()void 
		 -> ManageDrivers(1), DisplayAlphaNumeric(1), ManageApplication(1), ManageSpeedCalc(1), 
  TaskId          1   21[COMRAM] unsigned char 
  Period          1   22[COMRAM] unsigned char 
 Auto vars:     Size  Location     Type
		None
 Return value:  Size  Location     Type
                  1    wreg      void 
 Registers used:
		wreg, fsr2l, fsr2h, status,2, status,0, prodl, prodh
 Tracked objects:
		On entry : 
		On exit  : 
		Unchanged: 
 Data sizes:     COMRAM   BANK0   BANK1   BANK2   BANK3   BANK4   BANK5
      Params:         4       0       0       0       0       0       0
      Locals:         0       0       0       0       0       0       0
      Temps:          0       0       0       0       0       0       0
      Totals:         4       0       0       0       0       0       0
Total ram usage:        4 bytes
 Hardware stack levels used:    1
 Hardware stack levels required when called:    4
 This function calls:
		Nothing
 This function is called by:
		_Start_App
 This function uses a non-reentrant model


 *************** function _BCDInitialize *****************
 Defined at:
		line 30 in file "../../../../Common/Driver/BCDdisplay/BCDdisplay.c"
 Parameters:    Size  Location     Type
  bIsCommonAno    1    wreg     unsigned char 
 Auto vars:     Size  Location     Type
  bIsCommonAno    1   19[COMRAM] unsigned char 
 Return value:  Size  Location     Type
                  1    wreg      void 
 Registers used:
		wreg
 Tracked objects:
		On entry : 
		On exit  : 
		Unchanged: 
 Data sizes:     COMRAM   BANK0   BANK1   BANK2   BANK3   BANK4   BANK5
      Params:         0       0       0       0       0       0       0
      Locals:         1       0       0       0       0       0       0
      Temps:          0       0       0       0       0       0       0
      Totals:         1       0       0       0       0       0       0
Total ram usage:        1 bytes
 Hardware stack levels used:    1
 Hardware stack levels required when called:    4
 This function calls:
		Nothing
 This function is called by:
		_Start_App
 This function uses a non-reentrant model


 *************** function _APP_INITIALIZE *****************
 Defined at:
		line 34 in file "../../../../Common/App/APP.c"
 Parameters:    Size  Location     Type
		None
 Auto vars:     Size  Location     Type
		None
 Return value:  Size  Location     Type
                  1    wreg      void 
 Registers used:
		wreg, fsr2l, fsr2h, status,2, status,0, prodl, prodh, cstack
 Tracked objects:
		On entry : 
		On exit  : 
		Unchanged: 
 Data sizes:     COMRAM   BANK0   BANK1   BANK2   BANK3   BANK4   BANK5
      Params:         0       0       0       0       0       0       0
      Locals:         0       0       0       0       0       0       0
      Temps:          0       0       0       0       0       0       0
      Totals:         0       0       0       0       0       0       0
Total ram usage:        0 bytes
 Hardware stack levels used:    1
 Hardware stack levels required when called:    6
 This function calls:
		_Eeprom_Read_Block
 This function is called by:
		_Start_App
 This function uses a non-reentrant model


 *************** function _Eeprom_Read_Block *****************
 Defined at:
		line 42 in file "../../../../Common/Driver/EEPROM/Eeprom.c"
 Parameters:    Size  Location     Type
  address         1    wreg     unsigned char 
  DataPtr         2   23[COMRAM] PTR unsigned char 
		 -> Circum(2), 
  BlockSize       1   25[COMRAM] unsigned char 
 Auto vars:     Size  Location     Type
  address         1   27[COMRAM] unsigned char 
  LoopIndex       1   29[COMRAM] unsigned char 
  ReadSuccess     1   28[COMRAM] unsigned char 
  ReadGranted     1   26[COMRAM] unsigned char 
 Return value:  Size  Location     Type
                  1    wreg      unsigned char 
 Registers used:
		wreg, fsr2l, fsr2h, status,2, status,0, prodl, prodh, cstack
 Tracked objects:
		On entry : 
		On exit  : 
		Unchanged: 
 Data sizes:     COMRAM   BANK0   BANK1   BANK2   BANK3   BANK4   BANK5
      Params:         3       0       0       0       0       0       0
      Locals:         4       0       0       0       0       0       0
      Temps:          0       0       0       0       0       0       0
      Totals:         7       0       0       0       0       0       0
Total ram usage:        7 bytes
 Hardware stack levels used:    1
 Hardware stack levels required when called:    5
 This function calls:
		_HWIeeprom_Read
 This function is called by:
		_APP_INITIALIZE
 This function uses a non-reentrant model


 *************** function _HWIeeprom_Read *****************
 Defined at:
		line 31 in file "../../HWIeeprom/HWIeeprom.c"
 Parameters:    Size  Location     Type
  address         1    wreg     unsigned char 
  Data            2   19[COMRAM] PTR unsigned char 
		 -> Circum(2), 
 Auto vars:     Size  Location     Type
  address         1   21[COMRAM] unsigned char 
  ReadSuccess     1   22[COMRAM] unsigned char 
 Return value:  Size  Location     Type
                  1    wreg      unsigned char 
 Registers used:
		wreg, fsr2l, fsr2h, status,2
 Tracked objects:
		On entry : 
		On exit  : 
		Unchanged: 
 Data sizes:     COMRAM   BANK0   BANK1   BANK2   BANK3   BANK4   BANK5
      Params:         2       0       0       0       0       0       0
      Locals:         2       0       0       0       0       0       0
      Temps:          0       0       0       0       0       0       0
      Totals:         4       0       0       0       0       0       0
Total ram usage:        4 bytes
 Hardware stack levels used:    1
 Hardware stack levels required when called:    4
 This function calls:
		Nothing
 This function is called by:
		_Eeprom_Read_Block
 This function uses a non-reentrant model


 *************** function _ISR *****************
 Defined at:
		line 52 in file "../../HWIsource/HWI_Interrupts.c"
 Parameters:    Size  Location     Type
		None
 Auto vars:     Size  Location     Type
		None
 Return value:  Size  Location     Type
                  1    wreg      void 
 Registers used:
		wreg, fsr2l, fsr2h, status,2, status,0, prodl, prodh, cstack
 Tracked objects:
		On entry : 
		On exit  : 
		Unchanged: 
 Data sizes:     COMRAM   BANK0   BANK1   BANK2   BANK3   BANK4   BANK5
      Params:         0       0       0       0       0       0       0
      Locals:         0       0       0       0       0       0       0
      Temps:         14       0       0       0       0       0       0
      Totals:        14       0       0       0       0       0       0
Total ram usage:       14 bytes
 Hardware stack levels used:    1
 Hardware stack levels required when called:    3
 This function calls:
		_APP_ISR1
		_APP_ISR2
		_APP_ISR3
		_SchedulerTick
 This function is called by:
		Interrupt level 2
 This function uses a non-reentrant model


 *************** function _SchedulerTick *****************
 Defined at:
		line 16 in file "../../../../OS/Scheduler/Scheduler.c"
 Parameters:    Size  Location     Type
		None
 Auto vars:     Size  Location     Type
  TaskIndex       1    0[COMRAM] unsigned char 
 Return value:  Size  Location     Type
                  1    wreg      void 
 Registers used:
		wreg, fsr2l, fsr2h, status,2, status,0, prodl, prodh
 Tracked objects:
		On entry : 
		On exit  : 
		Unchanged: 
 Data sizes:     COMRAM   BANK0   BANK1   BANK2   BANK3   BANK4   BANK5
      Params:         0       0       0       0       0       0       0
      Locals:         1       0       0       0       0       0       0
      Temps:          0       0       0       0       0       0       0
      Totals:         1       0       0       0       0       0       0
Total ram usage:        1 bytes
 Hardware stack levels used:    1
 This function calls:
		Nothing
 This function is called by:
		_ISR
 This function uses a non-reentrant model


 *************** function _APP_ISR3 *****************
 Defined at:
		line 18 in file "../../../../Common/Interrupts/AppInterrupts.c"
 Parameters:    Size  Location     Type
		None
 Auto vars:     Size  Location     Type
		None
 Return value:  Size  Location     Type
                  1    wreg      void 
 Registers used:
		wreg, status,2, status,0, cstack
 Tracked objects:
		On entry : 
		On exit  : 
		Unchanged: 
 Data sizes:     COMRAM   BANK0   BANK1   BANK2   BANK3   BANK4   BANK5
      Params:         0       0       0       0       0       0       0
      Locals:         0       0       0       0       0       0       0
      Temps:          0       0       0       0       0       0       0
      Totals:         0       0       0       0       0       0       0
Total ram usage:        0 bytes
 Hardware stack levels used:    1
 Hardware stack levels required when called:    1
 This function calls:
		_HWtimerCallback
 This function is called by:
		_ISR
 This function uses a non-reentrant model


 *************** function _HWtimerCallback *****************
 Defined at:
		line 133 in file "../../../../Common/Driver/SpeedCalc/SpeedCalc.c"
 Parameters:    Size  Location     Type
		None
 Auto vars:     Size  Location     Type
		None
 Return value:  Size  Location     Type
                  1    wreg      void 
 Registers used:
		wreg, status,2, status,0
 Tracked objects:
		On entry : 
		On exit  : 
		Unchanged: 
 Data sizes:     COMRAM   BANK0   BANK1   BANK2   BANK3   BANK4   BANK5
      Params:         0       0       0       0       0       0       0
      Locals:         0       0       0       0       0       0       0
      Temps:          0       0       0       0       0       0       0
      Totals:         0       0       0       0       0       0       0
Total ram usage:        0 bytes
 Hardware stack levels used:    1
 This function calls:
		Nothing
 This function is called by:
		_APP_ISR3
 This function uses a non-reentrant model


 *************** function _APP_ISR2 *****************
 Defined at:
		line 13 in file "../../../../Common/Interrupts/AppInterrupts.c"
 Parameters:    Size  Location     Type
		None
 Auto vars:     Size  Location     Type
		None
 Return value:  Size  Location     Type
                  1    wreg      void 
 Registers used:
		wreg, status,2, status,0, cstack
 Tracked objects:
		On entry : 
		On exit  : 
		Unchanged: 
 Data sizes:     COMRAM   BANK0   BANK1   BANK2   BANK3   BANK4   BANK5
      Params:         0       0       0       0       0       0       0
      Locals:         0       0       0       0       0       0       0
      Temps:          0       0       0       0       0       0       0
      Totals:         0       0       0       0       0       0       0
Total ram usage:        0 bytes
 Hardware stack levels used:    1
 Hardware stack levels required when called:    2
 This function calls:
		_SensorTwoNotify
 This function is called by:
		_ISR
 This function uses a non-reentrant model


 *************** function _SensorTwoNotify *****************
 Defined at:
		line 44 in file "../../../../Common/Driver/SpeedCalc/SpeedCalc.c"
 Parameters:    Size  Location     Type
		None
 Auto vars:     Size  Location     Type
		None
 Return value:  Size  Location     Type
                  1    wreg      void 
 Registers used:
		wreg, status,2, status,0, cstack
 Tracked objects:
		On entry : 
		On exit  : 
		Unchanged: 
 Data sizes:     COMRAM   BANK0   BANK1   BANK2   BANK3   BANK4   BANK5
      Params:         0       0       0       0       0       0       0
      Locals:         0       0       0       0       0       0       0
      Temps:          0       0       0       0       0       0       0
      Totals:         0       0       0       0       0       0       0
Total ram usage:        0 bytes
 Hardware stack levels used:    1
 Hardware stack levels required when called:    1
 This function calls:
		_ReloadHWtimer
 This function is called by:
		_APP_ISR2
 This function uses a non-reentrant model


 *************** function _ReloadHWtimer *****************
 Defined at:
		line 91 in file "../../HWIsource/HWI_Interrupts.c"
 Parameters:    Size  Location     Type
  TimerId         1    wreg     unsigned char 
 Auto vars:     Size  Location     Type
  TimerId         1    2[COMRAM] unsigned char 
  ElapsedTime     2    3[COMRAM] unsigned short 
 Return value:  Size  Location     Type
                  2    0[COMRAM] unsigned short 
 Registers used:
		wreg, status,2, status,0
 Tracked objects:
		On entry : 
		On exit  : 
		Unchanged: 
 Data sizes:     COMRAM   BANK0   BANK1   BANK2   BANK3   BANK4   BANK5
      Params:         2       0       0       0       0       0       0
      Locals:         3       0       0       0       0       0       0
      Temps:          0       0       0       0       0       0       0
      Totals:         5       0       0       0       0       0       0
Total ram usage:        5 bytes
 Hardware stack levels used:    1
 This function calls:
		Nothing
 This function is called by:
		_SensorTwoNotify
 This function uses a non-reentrant model


 *************** function _APP_ISR1 *****************
 Defined at:
		line 8 in file "../../../../Common/Interrupts/AppInterrupts.c"
 Parameters:    Size  Location     Type
		None
 Auto vars:     Size  Location     Type
		None
 Return value:  Size  Location     Type
                  1    wreg      void 
 Registers used:
		wreg, status,2, status,0, cstack
 Tracked objects:
		On entry : 
		On exit  : 
		Unchanged: 
 Data sizes:     COMRAM   BANK0   BANK1   BANK2   BANK3   BANK4   BANK5
      Params:         0       0       0       0       0       0       0
      Locals:         0       0       0       0       0       0       0
      Temps:          0       0       0       0       0       0       0
      Totals:         0       0       0       0       0       0       0
Total ram usage:        0 bytes
 Hardware stack levels used:    1
 Hardware stack levels required when called:    1
 This function calls:
		_SensorOneNotify
 This function is called by:
		_ISR
 This function uses a non-reentrant model


 *************** function _SensorOneNotify *****************
 Defined at:
		line 29 in file "../../../../Common/Driver/SpeedCalc/SpeedCalc.c"
 Parameters:    Size  Location     Type
		None
 Auto vars:     Size  Location     Type
		None
 Return value:  Size  Location     Type
                  1    wreg      void 
 Registers used:
		wreg, status,2, status,0
 Tracked objects:
		On entry : 
		On exit  : 
		Unchanged: 
 Data sizes:     COMRAM   BANK0   BANK1   BANK2   BANK3   BANK4   BANK5
      Params:         0       0       0       0       0       0       0
      Locals:         0       0       0       0       0       0       0
      Temps:          0       0       0       0       0       0       0
      Totals:         0       0       0       0       0       0       0
Total ram usage:        0 bytes
 Hardware stack levels used:    1
 This function calls:
		Nothing
 This function is called by:
		_APP_ISR1
 This function uses a non-reentrant model



MODULE INFORMATION

Module		Function		Class		Link	Load	Size
../../../../Common/Interrupts/AppInterrupts.c
		_APP_ISR1      		CODE           	17D2	0000	7
		_APP_ISR2      		CODE           	17CC	0000	7
		_APP_ISR3      		CODE           	17C6	0000	7

../../../../Common/Interrupts/AppInterrupts.c estimated size: 21

../../../../Common/Driver/BCDdisplay/BCDdisplay.c
		_BlinkDigit    		CODE           	1780	0000	17
		_BCDsendNumber 		CODE           	0D96	0000	313
		_BCDInitialize 		CODE           	17AC	0000	9
		_BCDManage7segment		CODE           	0F8A	0000	163

../../../../Common/Driver/BCDdisplay/BCDdisplay.c estimated size: 502

C:\Program Files\Microchip\xc8\v1.41\sources\common\Umul32.c
		___lmul        		CODE           	1382	0000	87

C:\Program Files\Microchip\xc8\v1.41\sources\common\Umul32.c estimated size: 87

../../../../Common/Driver/Key/Key.c
		_MangeKeys     		CODE           	0640	0000	1071
		_GetKeyStatus  		CODE           	1600	0000	47

../../../../Common/Driver/Key/Key.c estimated size: 1118

../../HWIeeprom/HWIeeprom.c
		_HWIeeprom_Read		CODE           	16AE	0000	41
		_HWIeeprom_Write		CODE           	15D2	0000	47

../../HWIeeprom/HWIeeprom.c estimated size: 88

../../../../OS/OS_manage/OS_manage.c
		_ManageSpeedCalc		CODE           	17C0	0000	7
		_ManageDrivers 		CODE           	1722	0000	29
		_ManageApplication		CODE           	17BA	0000	7
		_DisplayAlphaNumeric		CODE           	17B4	0000	7
		_Start_App     		CODE           	125C	0000	109

../../../../OS/OS_manage/OS_manage.c estimated size: 159

../../HWIsource/HWI_Interrupts.c
		_ReloadHWtimer 		CODE           	1564	0000	61
		_ISR           		CODE           	0008	0000	195
		_HWI_INTERRUPTS_INTITALIZE		CODE           	14EA	0000	63

../../HWIsource/HWI_Interrupts.c estimated size: 319

shared
		_SevenSegmentMAP		SMALLCONST     	0633	0000	12
		_Segment7ASCIItable		SMALLCONST     	0601	0000	27
		__initialization		CODE           	14AC	0000	49
		_KeyArrayConfig		SMALLCONST     	061B	0000	25

shared estimated size: 113

C:\Program Files\Microchip\xc8\v1.41\sources\common\lwdiv.c
		___lwdiv       		CODE           	13D8	0000	83

C:\Program Files\Microchip\xc8\v1.41\sources\common\lwdiv.c estimated size: 83

C:\Program Files\Microchip\xc8\v1.41\sources\common\Umul16.c
		___wmul        		CODE           	16D6	0000	39

C:\Program Files\Microchip\xc8\v1.41\sources\common\Umul16.c estimated size: 39

../../../../Common/Driver/SpeedCalc/SpeedCalc.c
		_SensorOneNotify		CODE           	1758	0000	23
		_HWtimerCallback		CODE           	179A	0000	11
		_GetDistance   		CODE           	176E	0000	19
		_SetCircumfirunce		CODE           	1790	0000	11
		_GetAvgSpeed   		CODE           	102C	0000	147
		_SensorTwoNotify		CODE           	162E	0000	47
		_SpeedCalcNotifyInitialize		CODE           	17DA	0000	3
		_SpeedCalcManage		CODE           	10BE	0000	145

../../../../Common/Driver/SpeedCalc/SpeedCalc.c estimated size: 406

../../../../Common/Driver/EEPROM/Eeprom.c
		_Eeprom_Write_Block		CODE           	12C8	0000	99
		_EepromManage  		CODE           	146C	0000	65
		_Eeprom_Read_Block		CODE           	142A	0000	67

../../../../Common/Driver/EEPROM/Eeprom.c estimated size: 231

C:\Program Files\Microchip\xc8\v1.41\sources\common\lldiv.c
		___lldiv       		CODE           	11DA	0000	131

C:\Program Files\Microchip\xc8\v1.41\sources\common\lldiv.c estimated size: 131

../../../../Common/App/APP.c
		_APP_MANAGE    		CODE           	0A6E	0000	429
		_IncrementDecrementSingleDigit		CODE           	0C1A	0000	381
		_APP_INITIALIZE		CODE           	1686	0000	41

../../../../Common/App/APP.c estimated size: 851

../../HWIsource/HWI_DIGITAL.c
		_HWI_8Digit_WRITE		CODE           	16FC	0000	39
		_HWI_4Digit_WRITE		CODE           	15A0	0000	51
		_HWI_DIGITAL_INITIALIZE		CODE           	173E	0000	27
		_HWI_DIGI_READ 		CODE           	1528	0000	61

../../HWIsource/HWI_DIGITAL.c estimated size: 178

../../../../OS/Scheduler/Scheduler.c
		_SchedulerTick 		CODE           	165C	0000	43
		_CreateTask    		CODE           	132A	0000	89
		_RunScheduler  		CODE           	114E	0000	141

../../../../OS/Scheduler/Scheduler.c estimated size: 273

main.c
		_main          		CODE           	17A4	0000	9

main.c estimated size: 9

